Archive member included to satisfy reference by file (symbol)

/opt/devkitpro/libctru/lib/libcitro3d.a(base.o)
                              Renderer.o (C3D_Init)
/opt/devkitpro/libctru/lib/libcitro3d.a(renderqueue.o)
                              /opt/devkitpro/libctru/lib/libcitro3d.a(base.o) (C3Di_RenderQueueEnableVBlank)
/opt/devkitpro/libctru/lib/libcitro3d.a(texture.o)
                              Clouds.o (C3D_TexInitWithParams)
/opt/devkitpro/libctru/lib/libcitro3d.a(framebuffer.o)
                              /opt/devkitpro/libctru/lib/libcitro3d.a(renderqueue.o) (C3D_CalcColorBufSize)
/opt/devkitpro/libctru/lib/libcitro3d.a(fog.o)
                              WorldRenderer.o (FogLut_FromArray)
/opt/devkitpro/libctru/lib/libcitro3d.a(texenv.o)
                              Cursor.o (C3D_GetTexEnv)
/opt/devkitpro/libctru/lib/libcitro3d.a(buffers.o)
                              Clouds.o (BufInfo_Init)
/opt/devkitpro/libctru/lib/libcitro3d.a(drawArrays.o)
                              Clouds.o (C3D_DrawArrays)
/opt/devkitpro/libctru/lib/libcitro3d.a(effect.o)
                              Cursor.o (C3D_DepthMap)
/opt/devkitpro/libctru/lib/libcitro3d.a(attribs.o)
                              Renderer.o (AttrInfo_Init)
/opt/devkitpro/libctru/lib/libcitro3d.a(immediate.o)
                              /opt/devkitpro/libctru/lib/libcitro3d.a(base.o) (C3D_ImmSendAttrib)
/opt/devkitpro/libctru/lib/libcitro3d.a(uniforms.o)
                              /opt/devkitpro/libctru/lib/libcitro3d.a(base.o) (C3D_UpdateUniforms)
/opt/devkitpro/libctru/lib/libcitro3d.a(mtx_scale.o)
                              Clouds.o (Mtx_Scale)
/opt/devkitpro/libctru/lib/libcitro3d.a(mtx_multiply.o)
                              Camera.o (Mtx_Multiply)
/opt/devkitpro/libctru/lib/libcitro3d.a(mtx_rotatex.o)
                              Camera.o (Mtx_RotateX)
/opt/devkitpro/libctru/lib/libcitro3d.a(mtx_persptilt.o)
                              Camera.o (Mtx_PerspTilt)
/opt/devkitpro/libctru/lib/libcitro3d.a(mtx_perspstereotilt.o)
                              Camera.o (Mtx_PerspStereoTilt)
/opt/devkitpro/libctru/lib/libcitro3d.a(mtx_orthotilt.o)
                              SpriteBatch.o (Mtx_OrthoTilt)
/opt/devkitpro/libctru/lib/libcitro3d.a(mtx_multiplyfvec3.o)
                              SpriteBatch.o (Mtx_MultiplyFVec3)
/opt/devkitpro/libctru/lib/libcitro3d.a(mtx_translate.o)
                              Camera.o (Mtx_Translate)
/opt/devkitpro/libctru/lib/libcitro3d.a(mtx_rotatez.o)
                              Hand.o (Mtx_RotateZ)
/opt/devkitpro/libctru/lib/libcitro3d.a(mtx_rotatey.o)
                              Camera.o (Mtx_RotateY)
/opt/devkitpro/libctru/lib/libctru.a(vram.o)
                              /opt/devkitpro/libctru/lib/libcitro3d.a(renderqueue.o) (vramAlloc)
/opt/devkitpro/libctru/lib/libctru.a(linear.o)
                              Sound.o (linearAlloc)
/opt/devkitpro/libctru/lib/libctru.a(mem_pool.o)
                              /opt/devkitpro/libctru/lib/libctru.a(vram.o) (MemPool::Allocate(MemChunk&, unsigned long, int))
/opt/devkitpro/libctru/lib/libctru.a(romfs_dev.o)
                              main.o (romfsMountSelf)
/opt/devkitpro/libctru/lib/libctru.a(synchronization.o)
                              PolyGen.o (LightLock_Init)
/opt/devkitpro/libctru/lib/libctru.a(os.o)
                              /opt/devkitpro/libctru/lib/libcitro3d.a(texture.o) (osConvertVirtToPhys)
/opt/devkitpro/libctru/lib/libctru.a(console.o)
                              Crash.o (consoleInit)
/opt/devkitpro/libctru/lib/libctru.a(path_buf.o)
                              /opt/devkitpro/libctru/lib/libctru.a(romfs_dev.o) (__ctru_dev_utf16_buf)
/opt/devkitpro/libctru/lib/libctru.a(gfx.o)
                              main.o (gfxSet3D)
/opt/devkitpro/libctru/lib/libctru.a(thread.o)
                              Sound.o (threadCreate)
/opt/devkitpro/libctru/lib/libctru.a(shaderProgram.o)
                              Renderer.o (shaderInstanceGetUniformLocation)
/opt/devkitpro/libctru/lib/libctru.a(shbin.o)
                              Renderer.o (DVLB_ParseFile)
/opt/devkitpro/libctru/lib/libctru.a(gx.o)
                              /opt/devkitpro/libctru/lib/libcitro3d.a(renderqueue.o) (GX_BindQueue)
/opt/devkitpro/libctru/lib/libctru.a(gxqueue.o)
                              /opt/devkitpro/libctru/lib/libcitro3d.a(renderqueue.o) (gxCmdQueueClear)
/opt/devkitpro/libctru/lib/libctru.a(gpu.o)
                              /opt/devkitpro/libctru/lib/libcitro3d.a(base.o) (GPUCMD_Add)
/opt/devkitpro/libctru/lib/libctru.a(ndsp.o)
                              main.o (ndspExit)
/opt/devkitpro/libctru/lib/libctru.a(ndsp-channel.o)
                              Sound.o (ndspChnReset)
/opt/devkitpro/libctru/lib/libctru.a(irrst.o)
                              main.o (irrstCstickRead)
/opt/devkitpro/libctru/lib/libctru.a(cfgu.o)
                              /opt/devkitpro/libctru/lib/libctru.a(ndsp.o) (cfguInit)
[...]
Memory Configuration

Name             Origin             Length             Attributes
*default*        0x0000000000000000 0xffffffffffffffff

Linker script and memory map

                0x0000000000100000                PROVIDE (__start__ = 0x100000)
                0x0000000000100000                . = __start__

.text           0x0000000000100000    0x63fc4
 *(.crt0)
 .crt0          0x0000000000100000       0x94 /opt/devkitpro/devkitARM/bin/../lib/gcc/arm-none-eabi/11.2.0/../../../../arm-none-eabi/lib/armv6k/fpu/3dsx_crt0.o
                0x0000000000100000                _start
                0x0000000000100008                __service_ptr
                0x000000000010000c                __apt_appid
                0x0000000000100010                __heap_size
                0x0000000000100014                __linear_heap_size
                0x0000000000100018                __system_arglist
                0x000000000010001c                __system_runflags
 *(.init)
 .init          0x0000000000100094        0xc /opt/devkitpro/devkitARM/bin/../lib/gcc/arm-none-eabi/11.2.0/armv6k/fpu/crti.o
                0x0000000000100094                _init
 .init          0x00000000001000a0        0xc /opt/devkitpro/devkitARM/bin/../lib/gcc/arm-none-eabi/11.2.0/armv6k/fpu/crtn.o
                0x00000000001000ac                . = ALIGN (0x4)
 *(.text)
 .text          0x00000000001000ac      0x20c /opt/devkitpro/devkitARM/bin/../lib/gcc/arm-none-eabi/11.2.0/armv6k/fpu/libgcc.a(_udivsi3.o)
                0x00000000001000ac                __udivsi3
                0x00000000001000ac                __aeabi_uidiv
                0x0000000000100298                __aeabi_uidivmod
 .text          0x00000000001002b8      0x240 /opt/devkitpro/devkitARM/bin/../lib/gcc/arm-none-eabi/11.2.0/armv6k/fpu/libgcc.a(_divsi3.o)
                0x00000000001002b8                __aeabi_idiv
                0x00000000001002b8                __divsi3
                0x00000000001004d8                __aeabi_idivmod
 .text          0x00000000001004f8        0x4 /opt/devkitpro/devkitARM/bin/../lib/gcc/arm-none-eabi/11.2.0/armv6k/fpu/libgcc.a(_dvmd_tls.o)
                0x00000000001004f8                __aeabi_ldiv0
                0x00000000001004f8                __aeabi_idiv0
 .text          0x00000000001004fc      0x3c0 /opt/devkitpro/devkitARM/bin/../lib/gcc/arm-none-eabi/11.2.0/armv6k/fpu/libgcc.a(_arm_addsubdf3.o)
                0x00000000001004fc                __aeabi_drsub
                0x0000000000100504                __aeabi_dsub
                0x0000000000100504                __subdf3
                0x0000000000100508                __adddf3
                0x0000000000100508                __aeabi_dadd
                0x00000000001007b4                __aeabi_ui2d
                0x00000000001007b4                __floatunsidf
                0x00000000001007d8                __floatsidf
                0x00000000001007d8                __aeabi_i2d
                0x0000000000100800                __extendsfdf2
                0x0000000000100800                __aeabi_f2d
                0x0000000000100848                __aeabi_ul2d
                0x0000000000100848                __floatundidf
                0x000000000010085c                __floatdidf
                0x000000000010085c                __aeabi_l2d
 .text          0x00000000001008bc      0x250 /opt/devkitpro/devkitARM/bin/../lib/gcc/arm-none-eabi/11.2.0/armv6k/fpu/libgcc.a(_arm_addsubsf3.o)
                0x00000000001008bc                __aeabi_frsub
                0x00000000001008c4                __subsf3
                0x00000000001008c4                __aeabi_fsub
                0x00000000001008c8                __aeabi_fadd
                0x00000000001008c8                __addsf3
                0x0000000000100a58                __aeabi_ui2f
                0x0000000000100a58                __floatunsisf
                0x0000000000100a60                __aeabi_i2f
                0x0000000000100a60                __floatsisf
                0x0000000000100a80                __floatundisf
                0x0000000000100a80                __aeabi_ul2f
                0x0000000000100a90                __floatdisf
                0x0000000000100a90                __aeabi_l2f
 .text          0x0000000000100b0c       0xd4 /opt/devkitpro/devkitARM/bin/../lib/gcc/arm-none-eabi/11.2.0/armv6k/fpu/libgcc.a(_aeabi_ldivmod.o)
                0x0000000000100b0c                __aeabi_ldivmod
 .text          0x0000000000100be0       0x3c /opt/devkitpro/devkitARM/bin/../lib/gcc/arm-none-eabi/11.2.0/armv6k/fpu/libgcc.a(_aeabi_uldivmod.o)
                0x0000000000100be0                __aeabi_uldivmod
 *fill*         0x0000000000100c1c        0x4 
 .text          0x0000000000100c20      0x390 /opt/devkitpro/devkitARM/bin/../lib/gcc/arm-none-eabi/11.2.0/../../../../arm-none-eabi/lib/armv6k/fpu/libg.a(lib_a-strcmp.o)
                0x0000000000100c28                strcmp
 *(.text.*)
 .text.__do_global_dtors_aux
                0x0000000000100fb0       0x40 /opt/devkitpro/devkitARM/bin/../lib/gcc/arm-none-eabi/11.2.0/armv6k/fpu/crtbegin.o
 .text.frame_dummy
                0x0000000000100ff0       0x2c /opt/devkitpro/devkitARM/bin/../lib/gcc/arm-none-eabi/11.2.0/armv6k/fpu/crtbegin.o
 .text.releaseWorld
                0x000000000010101c       0x68 main.o
                0x000000000010101c                releaseWorld
 *fill*         0x0000000000101084        0x4 
 .text.startup.main
                0x0000000000101088      0x814 main.o
                0x0000000000101088                main
 .text.Collision_BoxIntersect
                0x000000000010189c      0x118 Collision.o
                0x000000000010189c                Collision_BoxIntersect
 .text.CommandLine_Execute
                0x00000000001019b4      0x338 CommandLine.o
                0x00000000001019b4                CommandLine_Execute
 .text.CommandLine_Activate
                0x0000000000101cec       0x64 CommandLine.o
                0x0000000000101cec                CommandLine_Activate
 .text.Crash    0x0000000000101d50       0x98 Crash.o
                0x0000000000101d50                Crash
 .text.Raycast_Cast
                0x0000000000101de8      0x2f0 Raycast.o
                0x0000000000101de8                Raycast_Cast
 .text.audioCallback
                0x00000000001020d8       0x1c Sound.o
                0x00000000001020d8                audioCallback
 .text.opusStrError
                0x00000000001020f4      0x118 Sound.o
                0x00000000001020f4                opusStrError
 .text.DoQuit   0x000000000010220c       0x34 Sound.o
                0x000000000010220c                DoQuit
 .text.audioInit
                0x0000000000102240      0x120 Sound.o
                0x0000000000102240                audioInit
 .text.audioExit
                0x0000000000102360       0x28 Sound.o
                0x0000000000102360                audioExit
 .text.fillBuffer
                0x0000000000102388       0x98 Sound.o
                0x0000000000102388                fillBuffer
 .text.audioThread0
                0x0000000000102420       0x78 Sound.o
                0x0000000000102420                audioThread0
 .text.audioThread1
                0x0000000000102498       0x80 Sound.o
                0x0000000000102498                audioThread1
 .text.playopus
                0x0000000000102518      0x1e4 Sound.o
                0x0000000000102518                playopus
 .text.DefaultGen_Init
                0x00000000001026fc        0x8 DefaultGen.o
                0x00000000001026fc                DefaultGen_Init
 .text.DefaultGen_Generate
                0x0000000000102704      0x264 DefaultGen.o
                0x0000000000102704                DefaultGen_Generate
 .text.FlatBedrockGen_Init
                0x0000000000102968        0x4 FlatBedrock.o
                0x0000000000102968                FlatBedrockGen_Init
 .text.FlatBedrockGen_Generate
                0x000000000010296c       0xa4 FlatBedrock.o
                0x000000000010296c                FlatBedrockGen_Generate
 .text.SmeaGen_Init
                0x0000000000102a10        0x8 SmeaGen.o
                0x0000000000102a10                SmeaGen_Init
 .text.SmeaGen_Generate
                0x0000000000102a18      0x228 SmeaGen.o
                0x0000000000102a18                SmeaGen_Generate
 .text.SuperFlatGen_Init
                0x0000000000102c40        0x4 SuperFlatGen.o
                0x0000000000102c40                SuperFlatGen_Init
 .text.SuperFlatGen_Generate
                0x0000000000102c44       0xfc SuperFlatGen.o
                0x0000000000102c44                SuperFlatGen_Generate
 .text.TreeGen_GenTree
                0x0000000000102d40       0xf4 TreeGen.o
                0x0000000000102d40                TreeGen_GenTree
 .text.Block_Init
                0x0000000000102e34      0x5f0 Block.o
                0x0000000000102e34                Block_Init
 .text.Block_Deinit
                0x0000000000103424        0xc Block.o
                0x0000000000103424                Block_Deinit
 .text.Block_GetTextureMap
                0x0000000000103430        0xc Block.o
                0x0000000000103430                Block_GetTextureMap
 .text.Block_GetTexture
                0x000000000010343c      0x42c Block.o
                0x000000000010343c                Block_GetTexture
 .text.Block_GetColor
                0x0000000000103868       0xc8 Block.o
                0x0000000000103868                Block_GetColor
 .text.Block_Opaque
                0x0000000000103930       0x2c Block.o
                0x0000000000103930                Block_Opaque
 .text.Item_Deinit
                0x000000000010395c        0xc Item.o
                0x000000000010395c                Item_Deinit
 .text.Camera_Init
                0x0000000000103968       0x68 Camera.o
                0x0000000000103968                Camera_Init
 .text.Camera_Update
                0x00000000001039d0      0x624 Camera.o
                0x00000000001039d0                Camera_Update
 .text.Camera_IsAABBVisible
                0x0000000000103ff4      0x2ac Camera.o
                0x0000000000103ff4                Camera_IsAABBVisible
 .text.Clouds_Init
                0x00000000001042a0      0x13c Clouds.o
                0x00000000001042a0                Clouds_Init
 .text.Clouds_Deinit
                0x00000000001043dc       0x20 Clouds.o
                0x00000000001043dc                Clouds_Deinit
 *fill*         0x00000000001043fc        0x4 
 .text.Clouds_Render
                0x0000000000104400      0x220 Clouds.o
                0x0000000000104400                Clouds_Render
 .text.Cursor_Init
                0x0000000000104620       0x54 Cursor.o
                0x0000000000104620                Cursor_Init
 .text.Cursor_Deinit
                0x0000000000104674       0x10 Cursor.o
                0x0000000000104674                Cursor_Deinit
 .text.Cursor_Draw
                0x0000000000104684      0x24c Cursor.o
                0x0000000000104684                Cursor_Draw
 .text.Hand_Init
                0x00000000001048d0       0x2c Hand.o
                0x00000000001048d0                Hand_Init
 .text.Hand_Deinit
                0x00000000001048fc       0x20 Hand.o
                0x00000000001048fc                Hand_Deinit
 *fill*         0x000000000010491c        0x4 
 .text.Hand_Draw
                0x0000000000104920      0x544 Hand.o
                0x0000000000104920                Hand_Draw
 .text.floodFill.part.0
                0x0000000000104e64      0x3a8 PolyGen.o
 .text.PolyGen_Init
                0x000000000010520c       0x3c PolyGen.o
                0x000000000010520c                PolyGen_Init
 .text.PolyGen_Deinit
                0x0000000000105248       0x44 PolyGen.o
                0x0000000000105248                PolyGen_Deinit
 .text.PolyGen_Harvest
                0x000000000010528c      0x194 PolyGen.o
                0x000000000010528c                PolyGen_Harvest
 .text.PolyGen_GeneratePolygons
                0x0000000000105420      0xc84 PolyGen.o
                0x0000000000105420                PolyGen_GeneratePolygons
 .text.Renderer_Init
                0x00000000001060a4      0x21c Renderer.o
                0x00000000001060a4                Renderer_Init
 .text.Renderer_Deinit
                0x00000000001062c0       0x54 Renderer.o
                0x00000000001062c0                Renderer_Deinit
 .text.Renderer_Render
                0x0000000000106314      0x3b8 Renderer.o
                0x0000000000106314                Renderer_Render
 .text.tileImage32
                0x00000000001066cc       0xac TextureMap.o
                0x00000000001066cc                tileImage32
 .text.Texture_Load
                0x0000000000106778      0x1e0 TextureMap.o
                0x0000000000106778                Texture_Load
 .text.Texture_TileImage8
                0x0000000000106958       0xa8 TextureMap.o
                0x0000000000106958                Texture_TileImage8
 .text.downscaleImage
                0x0000000000106a00      0x110 TextureMap.o
                0x0000000000106a00                downscaleImage
 .text.Texture_MapInit
                0x0000000000106b10      0x2c8 TextureMap.o
                0x0000000000106b10                Texture_MapInit
 .text.Texture_MapGetIcon
                0x0000000000106dd8       0x80 TextureMap.o
                0x0000000000106dd8                Texture_MapGetIcon
 .text.sort_by_size
                0x0000000000106e58       0x10 VBOCache.o
 .text.VBOCache_Init
                0x0000000000106e68       0x20 VBOCache.o
                0x0000000000106e68                VBOCache_Init
 .text.VBOCache_Deinit
                0x0000000000106e88       0x58 VBOCache.o
                0x0000000000106e88                VBOCache_Deinit
 .text.VBO_Alloc
                0x0000000000106ee0       0xd8 VBOCache.o
                0x0000000000106ee0                VBO_Alloc
 .text.VBO_Free
                0x0000000000106fb8       0x98 VBOCache.o
                0x0000000000106fb8                VBO_Free
 .text.renderWorld
                0x0000000000107050      0x840 WorldRenderer.o
 .text.WorldRenderer_Init
                0x0000000000107890      0x108 WorldRenderer.o
                0x0000000000107890                WorldRenderer_Init
 .text.WorldRenderer_Deinit
                0x0000000000107998       0x50 WorldRenderer.o
                0x0000000000107998                WorldRenderer_Deinit
 .text.WorldRenderer_Render
                0x00000000001079e8      0x120 WorldRenderer.o
                0x00000000001079e8                WorldRenderer_Render
 .text.DebugUI_Init
                0x0000000000107b08       0x50 DebugUI.o
                0x0000000000107b08                DebugUI_Init
 .text.DebugUI_Deinit
                0x0000000000107b58       0x40 DebugUI.o
                0x0000000000107b58                DebugUI_Deinit
 .text.DebugUI_Text
                0x0000000000107b98       0x50 DebugUI.o
                0x0000000000107b98                DebugUI_Text
 .text.DebugUI_Log
                0x0000000000107be8       0x50 DebugUI.o
                0x0000000000107be8                DebugUI_Log
 .text.DebugUI_Draw
                0x0000000000107c38      0x100 DebugUI.o
                0x0000000000107c38                DebugUI_Draw
 .text.FontLoader_Init
                0x0000000000107d38      0x1c8 FontLoader.o
                0x0000000000107d38                FontLoader_Init
 .text.Gui_Init
                0x0000000000107f00       0x50 Gui.o
                0x0000000000107f00                Gui_Init
 .text.Gui_Deinit
                0x0000000000107f50        0x4 Gui.o
                0x0000000000107f50                Gui_Deinit
 .text.Gui_Frame
                0x0000000000107f54       0x20 Gui.o
                0x0000000000107f54                Gui_Frame
 .text.Gui_Offset
                0x0000000000107f74       0x10 Gui.o
                0x0000000000107f74                Gui_Offset
 .text.Gui_RelativeWidth
                0x0000000000107f84       0x2c Gui.o
                0x0000000000107f84                Gui_RelativeWidth
 .text.Gui_RelativeHeight
                0x0000000000107fb0       0x2c Gui.o
                0x0000000000107fb0                Gui_RelativeHeight
 .text.Gui_BeginRowCenter
                0x0000000000107fdc       0x58 Gui.o
                0x0000000000107fdc                Gui_BeginRowCenter
 .text.Gui_BeginRow
                0x0000000000108034       0x34 Gui.o
                0x0000000000108034                Gui_BeginRow
 .text.Gui_EndRow
                0x0000000000108068       0x24 Gui.o
                0x0000000000108068                Gui_EndRow
 .text.Gui_Label
                0x000000000010808c      0x114 Gui.o
                0x000000000010808c                Gui_Label
 .text.Gui_Space
                0x00000000001081a0       0x34 Gui.o
                0x00000000001081a0                Gui_Space
 .text.Gui_VerticalSpace
                0x00000000001081d4       0x18 Gui.o
                0x00000000001081d4                Gui_VerticalSpace
 .text.Gui_InputData
                0x00000000001081ec       0x4c Gui.o
                0x00000000001081ec                Gui_InputData
 .text.Gui_IsCursorInside
                0x0000000000108238       0xa0 Gui.o
                0x0000000000108238                Gui_IsCursorInside
 .text.Gui_WasCursorInside
                0x00000000001082d8       0xa0 Gui.o
                0x00000000001082d8                Gui_WasCursorInside
 .text.Gui_Button
                0x0000000000108378      0x1dc Gui.o
                0x0000000000108378                Gui_Button
 .text.Gui_EnteredCursorInside
                0x0000000000108554       0x70 Gui.o
                0x0000000000108554                Gui_EnteredCursorInside
 .text.Gui_GetCursorMovement
                0x00000000001085c4       0xac Gui.o
                0x00000000001085c4                Gui_GetCursorMovement
 .text.clickAtStack
                0x0000000000108670       0xe0 Inventory.o
 .text.Inventory_DrawQuickSelect
                0x0000000000108750      0x20c Inventory.o
                0x0000000000108750                Inventory_DrawQuickSelect
 .text.Inventory_Draw
                0x000000000010895c      0x268 Inventory.o
                0x000000000010895c                Inventory_Draw
 .text.compareDrawCommands
                0x0000000000108bc4       0x38 SpriteBatch.o
 .text.SpriteBatch_Init
                0x0000000000108bfc      0x124 SpriteBatch.o
                0x0000000000108bfc                SpriteBatch_Init
 .text.SpriteBatch_Deinit
                0x0000000000108d20       0x64 SpriteBatch.o
                0x0000000000108d20                SpriteBatch_Deinit
 .text.SpriteBatch_BindTexture
                0x0000000000108d84       0x10 SpriteBatch.o
                0x0000000000108d84                SpriteBatch_BindTexture
 .text.SpriteBatch_BindGuiTexture
                0x0000000000108d94       0x78 SpriteBatch.o
                0x0000000000108d94                SpriteBatch_BindGuiTexture
 .text.SpriteBatch_PushSingleColorQuad
                0x0000000000108e0c       0xd8 SpriteBatch.o
                0x0000000000108e0c                SpriteBatch_PushSingleColorQuad
 .text.SpriteBatch_PushQuad
                0x0000000000108ee4       0xf0 SpriteBatch.o
                0x0000000000108ee4                SpriteBatch_PushQuad
 .text.SpriteBatch_PushQuadColor
                0x0000000000108fd4       0xf0 SpriteBatch.o
                0x0000000000108fd4                SpriteBatch_PushQuadColor
 .text.SpriteBatch_PushIcon
                0x00000000001090c4      0x36c SpriteBatch.o
                0x00000000001090c4                SpriteBatch_PushIcon
 .text.SpriteBatch_PushTextVargs
                0x0000000000109430      0x200 SpriteBatch.o
                0x0000000000109430                SpriteBatch_PushTextVargs
 .text.SpriteBatch_PushText
                0x0000000000109630       0x40 SpriteBatch.o
                0x0000000000109630                SpriteBatch_PushText
 .text.SpriteBatch_CalcTextWidthVargs
                0x0000000000109670       0x98 SpriteBatch.o
                0x0000000000109670                SpriteBatch_CalcTextWidthVargs
 .text.SpriteBatch_GetWidth
                0x0000000000109708       0x24 SpriteBatch.o
                0x0000000000109708                SpriteBatch_GetWidth
 .text.SpriteBatch_GetHeight
                0x000000000010972c       0x24 SpriteBatch.o
                0x000000000010972c                SpriteBatch_GetHeight
 .text.SpriteBatch_SetScale
                0x0000000000109750       0x10 SpriteBatch.o
                0x0000000000109750                SpriteBatch_SetScale
 .text.SpriteBatch_GetScale
                0x0000000000109760       0x10 SpriteBatch.o
                0x0000000000109760                SpriteBatch_GetScale
 .text.SpriteBatch_StartFrame
                0x0000000000109770       0x10 SpriteBatch.o
                0x0000000000109770                SpriteBatch_StartFrame
 .text.SpriteBatch_Render
                0x0000000000109780      0x3c4 SpriteBatch.o
                0x0000000000109780                SpriteBatch_Render
 .text.delete_folder
                0x0000000000109b44       0xf4 WorldSelect.o
 .text.WorldSelect_ScanWorlds
                0x0000000000109c38      0x13c WorldSelect.o
                0x0000000000109c38                WorldSelect_ScanWorlds
 .text.WorldSelect_Init
                0x0000000000109d74       0x1c WorldSelect.o
                0x0000000000109d74                WorldSelect_Init
 .text.WorldSelect_Deinit
                0x0000000000109d90       0x28 WorldSelect.o
                0x0000000000109d90                WorldSelect_Deinit
 .text.WorldSelect_Render
                0x0000000000109db8      0x570 WorldSelect.o
                0x0000000000109db8                WorldSelect_Render
 .text.WorldSelect_Update
                0x000000000010a328      0x2c0 WorldSelect.o
                0x000000000010a328                WorldSelect_Update
 .text.Chunk_GenerateHeightmap
                0x000000000010a5e8      0x15c Chunk.o
                0x000000000010a5e8                Chunk_GenerateHeightmap
 .text.Cluster_IsEmpty
                0x000000000010a744       0x5c Chunk.o
                0x000000000010a744                Cluster_IsEmpty
 .text.ChunkWorker_Mainloop
                0x000000000010a7a0      0x248 ChunkWorker.o
                0x000000000010a7a0                ChunkWorker_Mainloop
 .text.ChunkWorker_Init
                0x000000000010a9e8       0xf0 ChunkWorker.o
                0x000000000010a9e8                ChunkWorker_Init
 .text.ChunkWorker_Deinit
                0x000000000010aad8       0x7c ChunkWorker.o
                0x000000000010aad8                ChunkWorker_Deinit
 .text.ChunkWorker_Finish
                0x000000000010ab54       0x44 ChunkWorker.o
                0x000000000010ab54                ChunkWorker_Finish
 .text.ChunkWorker_AddHandler
                0x000000000010ab98       0x74 ChunkWorker.o
                0x000000000010ab98                ChunkWorker_AddHandler
 .text.ChunkWorker_SetHandlerActive
                0x000000000010ac0c       0x48 ChunkWorker.o
                0x000000000010ac0c                ChunkWorker_SetHandlerActive
 .text.World_Reset
                0x000000000010ac54       0xac World.o
                0x000000000010ac54                World_Reset
 .text.World_Init
                0x000000000010ad00       0x78 World.o
                0x000000000010ad00                World_Init
 .text.World_LoadChunk
                0x000000000010ad78      0x244 World.o
                0x000000000010ad78                World_LoadChunk
 .text.World_UnloadChunk
                0x000000000010afbc      0x108 World.o
                0x000000000010afbc                World_UnloadChunk
 .text.World_GetChunk
                0x000000000010b0c4       0x78 World.o
                0x000000000010b0c4                World_GetChunk
 .text.World_GetBlock
                0x000000000010b13c       0xe4 World.o
                0x000000000010b13c                World_GetBlock
 .text.World_SetBlock
                0x000000000010b220      0x230 World.o
                0x000000000010b220                World_SetBlock
 .text.World_SetBlockAndMeta
                0x000000000010b450      0x23c World.o
                0x000000000010b450                World_SetBlockAndMeta
 .text.World_GetMetadata
                0x000000000010b68c       0xf0 World.o
                0x000000000010b68c                World_GetMetadata
 .text.World_GetHeight
                0x000000000010b77c       0xd0 World.o
                0x000000000010b77c                World_GetHeight
 .text.World_UpdateChunkCache
                0x000000000010b84c      0x1b4 World.o
                0x000000000010b84c                World_UpdateChunkCache
 .text.World_Tick
                0x000000000010ba00      0x2b4 World.o
                0x000000000010ba00                World_Tick
 .text.fetchSuperChunk
                0x000000000010bcb4       0xb8 SaveManager.o
 .text.SaveManager_InitFileSystem
                0x000000000010bd6c       0x2c SaveManager.o
                0x000000000010bd6c                SaveManager_InitFileSystem
 .text.SaveManager_Init
                0x000000000010bd98       0x1c SaveManager.o
                0x000000000010bd98                SaveManager_Init
 .text.SaveManager_Deinit
                0x000000000010bdb4       0x28 SaveManager.o
                0x000000000010bdb4                SaveManager_Deinit
 .text.SaveManager_Load
                0x000000000010bddc      0x844 SaveManager.o
                0x000000000010bddc                SaveManager_Load
 .text.SaveManager_Unload
                0x000000000010c620      0x224 SaveManager.o
                0x000000000010c620                SaveManager_Unload
 .text.SaveManager_LoadChunk
                0x000000000010c844       0x64 SaveManager.o
                0x000000000010c844                SaveManager_LoadChunk
 .text.SaveManager_SaveChunk
                0x000000000010c8a8       0x64 SaveManager.o
                0x000000000010c8a8                SaveManager_SaveChunk
 .text.SuperChunk_InitPools
                0x000000000010c90c       0x44 SuperChunk.o
                0x000000000010c90c                SuperChunk_InitPools
 .text.SuperChunk_DeinitPools
                0x000000000010c950       0x28 SuperChunk.o
                0x000000000010c950                SuperChunk_DeinitPools
 .text.SuperChunk_Init
                0x000000000010c978      0x5c0 SuperChunk.o
                0x000000000010c978                SuperChunk_Init
 .text.SuperChunk_SaveIndex
                0x000000000010cf38      0x18c SuperChunk.o
                0x000000000010cf38                SuperChunk_SaveIndex
 .text.SuperChunk_Deinit
                0x000000000010d0c4       0x30 SuperChunk.o
                0x000000000010d0c4                SuperChunk_Deinit
 .text.SuperChunk_SaveChunk
                0x000000000010d0f4      0x42c SuperChunk.o
                0x000000000010d0f4                SuperChunk_SaveChunk
 .text.SuperChunk_LoadChunk
                0x000000000010d520      0x4d4 SuperChunk.o
                0x000000000010d520                SuperChunk_LoadChunk
 .text.OvertimeDamage
                0x000000000010d9f4       0x4c Damage.o
                0x000000000010d9f4                OvertimeDamage
 .text.Player_Init
                0x000000000010da40      0x240 Player.o
                0x000000000010da40                Player_Init
 .text.Player_Respawn
                0x000000000010dc80       0xd4 Player.o
                0x000000000010dc80                Player_Respawn
 *fill*         0x000000000010dd54        0x4 
 .text.Player_Update
                0x000000000010dd58      0x28c Player.o
                0x000000000010dd58                Player_Update
 .text.Player_Jump
                0x000000000010dfe4       0x54 Player.o
                0x000000000010dfe4                Player_Jump
 .text.Player_Move
                0x000000000010e038      0x760 Player.o
                0x000000000010e038                Player_Move
 .text.Player_PlaceBlock
                0x000000000010e798      0x1dc Player.o
                0x000000000010e798                Player_PlaceBlock
 .text.Player_BreakBlock
                0x000000000010e974       0x6c Player.o
                0x000000000010e974                Player_BreakBlock
 .text.PlayerController_Init
                0x000000000010e9e0      0x944 PlayerController.o
                0x000000000010e9e0                PlayerController_Init
 *fill*         0x000000000010f324        0x4 
 .text.PlayerController_Update
                0x000000000010f328      0x91c PlayerController.o
                0x000000000010f328                PlayerController_Update
 .text.mpack_utf8_check_impl
                0x000000000010fc44      0x1bc mpack.o
 .text.mpack_file_tree_teardown
                0x000000000010fe00       0x1c mpack.o
 .text.mpack_tree_flag_error.part.0
                0x000000000010fe1c       0x14 mpack.o
 .text.mpack_file_writer_flush
                0x000000000010fe30       0x50 mpack.o
 .text.mpack_file_writer_teardown
                0x000000000010fe80       0x64 mpack.o
 .text.mpack_writer_ensure
                0x000000000010fee4       0xa4 mpack.o
 .text.mpack_write_native_straddle
                0x000000000010ff88       0xb0 mpack.o
 .text.mpack_tree_parse_bytes
                0x0000000000110038       0x54 mpack.o
 .text.mpack_node_map_str_impl
                0x000000000011008c      0x10c mpack.o
 .text.mpack_tree_parse_children
                0x0000000000110198      0x248 mpack.o
 .text.mpack_tree_parse.part.0.constprop.0
                0x00000000001103e0      0xb48 mpack.o
 .text.mpack_writer_init
                0x0000000000110f28       0x28 mpack.o
                0x0000000000110f28                mpack_writer_init
 .text.mpack_writer_init_file
                0x0000000000110f50       0xc8 mpack.o
                0x0000000000110f50                mpack_writer_init_file
 .text.mpack_writer_destroy
                0x0000000000111018       0x60 mpack.o
                0x0000000000111018                mpack_writer_destroy
 .text.mpack_write_bool
                0x0000000000111078       0x48 mpack.o
                0x0000000000111078                mpack_write_bool
 .text.mpack_write_u8
                0x00000000001110c0       0x98 mpack.o
                0x00000000001110c0                mpack_write_u8
 .text.mpack_write_u32
                0x0000000000111158      0x154 mpack.o
                0x0000000000111158                mpack_write_u32
 .text.mpack_write_u64
                0x00000000001112ac      0x1e0 mpack.o
                0x00000000001112ac                mpack_write_u64
 .text.mpack_write_i64
                0x000000000011148c      0x2f0 mpack.o
                0x000000000011148c                mpack_write_i64
 .text.mpack_write_float
                0x000000000011177c       0x74 mpack.o
                0x000000000011177c                mpack_write_float
 .text.mpack_start_array
                0x00000000001117f0      0x114 mpack.o
                0x00000000001117f0                mpack_start_array
 .text.mpack_start_map
                0x0000000000111904      0x110 mpack.o
                0x0000000000111904                mpack_start_map
 .text.mpack_start_str
                0x0000000000111a14      0x160 mpack.o
                0x0000000000111a14                mpack_start_str
 .text.mpack_start_bin
                0x0000000000111b74      0x118 mpack.o
                0x0000000000111b74                mpack_start_bin
 .text.mpack_write_bin
                0x0000000000111c8c       0x64 mpack.o
                0x0000000000111c8c                mpack_write_bin
 .text.mpack_write_cstr
                0x0000000000111cf0       0x70 mpack.o
                0x0000000000111cf0                mpack_write_cstr
 .text.mpack_tree_root
                0x0000000000111d60       0x1c mpack.o
                0x0000000000111d60                mpack_tree_root
 .text.mpack_tree_init
                0x0000000000111d7c       0x84 mpack.o
                0x0000000000111d7c                mpack_tree_init
 .text.mpack_tree_init_pool
                0x0000000000111e00       0x70 mpack.o
                0x0000000000111e00                mpack_tree_init_pool
 .text.mpack_tree_init_file
                0x0000000000111e70      0x28c mpack.o
                0x0000000000111e70                mpack_tree_init_file
 .text.mpack_tree_destroy
                0x00000000001120fc       0x4c mpack.o
                0x00000000001120fc                mpack_tree_destroy
 .text.mpack_node_flag_error
                0x0000000000112148       0x40 mpack.o
                0x0000000000112148                mpack_node_flag_error
 .text.mpack_node_copy_utf8_cstr
                0x0000000000112188       0xf8 mpack.o
                0x0000000000112188                mpack_node_copy_utf8_cstr
 .text.mpack_node_map_cstr
                0x0000000000112280       0x94 mpack.o
                0x0000000000112280                mpack_node_map_cstr
 .text.mpack_node_map_cstr_optional
                0x0000000000112314       0x54 mpack.o
                0x0000000000112314                mpack_node_map_cstr_optional
 .text.vec_expand_
                0x0000000000112368       0x60 vec.o
                0x0000000000112368                vec_expand_
 .text.vec_reserve_po2_
                0x00000000001123c8       0x70 vec.o
                0x00000000001123c8                vec_reserve_po2_
 .text.vec_splice_
                0x0000000000112438       0x34 vec.o
                0x0000000000112438                vec_splice_
 .text.sino_init
                0x000000000011246c       0x80 sino.o
                0x000000000011246c                sino_init
 .text.sino_exit
                0x00000000001124ec       0x2c sino.o
                0x00000000001124ec                sino_exit
 .text.sino_2d  0x0000000000112518      0x2b4 sino.o
                0x0000000000112518                sino_2d
 .text.huffmanDecodeSymbol
                0x00000000001127cc       0x60 lodepng.o
 .text.checkColorValidity
                0x000000000011282c       0x90 lodepng.o
 .text.addColorBits
                0x00000000001128bc       0x4c lodepng.o
 .text.color_tree_get
                0x0000000000112908       0x60 lodepng.o
 .text.getPixelColorRGBA16
                0x0000000000112968      0x1b0 lodepng.o
 .text.Adam7_getpassvalues
                0x0000000000112b18      0x1bc lodepng.o
 .text.color_tree_add
                0x0000000000112cd4       0xa0 lodepng.o
 .text.LodePNGText_cleanup
                0x0000000000112d74       0x60 lodepng.o
 .text.LodePNGIText_cleanup
                0x0000000000112dd4       0x90 lodepng.o
 .text.lodepng_color_mode_equal
                0x0000000000112e64       0xc8 lodepng.o
 .text.unfilter
                0x0000000000112f2c      0x3e4 lodepng.o
 .text.removePaddingBits
                0x0000000000113310       0xc4 lodepng.o
 .text.string_set
                0x00000000001133d4       0x68 lodepng.o
 .text.ucvector_push_back.isra.0
                0x000000000011343c       0x58 lodepng.o
 .text.color_tree_cleanup
                0x0000000000113494      0x1cc lodepng.o
 .text.getPixelColorsRGBA8
                0x0000000000113660      0x530 lodepng.o
 .text.HuffmanTree_makeFromLengths2
                0x0000000000113b90      0x360 lodepng.o
 .text.generateFixedDistanceTree.constprop.0.isra.0
                0x0000000000113ef0       0x74 lodepng.o
 .text.generateFixedLitLenTree.constprop.0.isra.0
                0x0000000000113f64       0xbc lodepng.o
 .text.getPixelColorRGBA8
                0x0000000000114020      0x388 lodepng.o
 .text.lodepng_inflatev.constprop.0
                0x00000000001143a8      0xb24 lodepng.o
 .text.lodepng_load_file
                0x0000000000114ecc       0xec lodepng.o
                0x0000000000114ecc                lodepng_load_file
 .text.lodepng_zlib_decompress
                0x0000000000114fb8      0x1ac lodepng.o
                0x0000000000114fb8                lodepng_zlib_decompress
 .text.lodepng_chunk_check_crc
                0x0000000000115164       0x70 lodepng.o
                0x0000000000115164                lodepng_chunk_check_crc
 .text.lodepng_chunk_append
                0x00000000001151d4       0x98 lodepng.o
                0x00000000001151d4                lodepng_chunk_append
 .text.lodepng_color_mode_copy
                0x000000000011526c       0xb0 lodepng.o
                0x000000000011526c                lodepng_color_mode_copy
 .text.lodepng_add_text
                0x000000000011531c       0xec lodepng.o
                0x000000000011531c                lodepng_add_text
 .text.lodepng_add_itext
                0x0000000000115408      0x1c4 lodepng.o
                0x0000000000115408                lodepng_add_itext
 .text.lodepng_info_init
                0x00000000001155cc       0x88 lodepng.o
                0x00000000001155cc                lodepng_info_init
 .text.lodepng_convert
                0x0000000000115654      0x5a8 lodepng.o
                0x0000000000115654                lodepng_convert
 .text.lodepng_inspect
                0x0000000000115bfc      0x224 lodepng.o
                0x0000000000115bfc                lodepng_inspect
 .text.lodepng_decode
                0x0000000000115e20     0x197c lodepng.o
                0x0000000000115e20                lodepng_decode
 .text.lodepng_state_init
                0x000000000011779c       0xb8 lodepng.o
                0x000000000011779c                lodepng_state_init
 .text.lodepng_decode_memory
                0x0000000000117854       0xac lodepng.o
                0x0000000000117854                lodepng_decode_memory
 .text.lodepng_decode32_file
                0x0000000000117900       0x80 lodepng.o
                0x0000000000117900                lodepng_decode32_file
 .text.miniz_def_free_func
                0x0000000000117980        0x8 miniz.o
                0x0000000000117980                miniz_def_free_func
 .text.miniz_def_alloc_func
                0x0000000000117988        0x8 miniz.o
                0x0000000000117988                miniz_def_alloc_func
 .text.tdefl_optimize_huffman_table
                0x0000000000117990      0x6cc miniz.o
 .text.tdefl_flush_output_buffer
                0x000000000011805c       0xac miniz.o
 .text.tdefl_start_dynamic_block
                0x0000000000118108      0x92c miniz.o
 .text.tdefl_compress_block
                0x0000000000118a34      0x590 miniz.o
 .text.tdefl_flush_block
                0x0000000000118fc4      0x7fc miniz.o
 .text.mz_adler32
                0x00000000001197c0      0x160 miniz.o
                0x00000000001197c0                mz_adler32
 .text.tdefl_compress
                0x0000000000119920      0xda0 miniz.o
                0x0000000000119920                tdefl_compress
 .text.mz_deflate
                0x000000000011a6c0      0x188 miniz.o
                0x000000000011a6c0                mz_deflate
 .text.tdefl_init
                0x000000000011a848      0x14c miniz.o
                0x000000000011a848                tdefl_init
 .text.mz_compress2
                0x000000000011a994      0x168 miniz.o
                0x000000000011a994                mz_compress2
 .text.mz_compress
                0x000000000011aafc       0x1c miniz.o
                0x000000000011aafc                mz_compress
 .text.tinfl_decompress
                0x000000000011ab18     0x1c40 miniz.o
                0x000000000011ab18                tinfl_decompress
 .text.mz_inflate
                0x000000000011c758      0x3a8 miniz.o
                0x000000000011c758                mz_inflate
 .text.mz_uncompress
                0x000000000011cb00      0x124 miniz.o
                0x000000000011cb00                mz_uncompress
 .text.strcmpci
                0x000000000011cc24       0x54 ini.o
 .text.ini_load
                0x000000000011cc78      0x428 ini.o
                0x000000000011cc78                ini_load
 .text.ini_free
                0x000000000011d0a0       0x1c ini.o
                0x000000000011d0a0                ini_free
 .text.ini_get  0x000000000011d0bc      0x130 ini.o
                0x000000000011d0bc                ini_get
 .text.ini_sget
                0x000000000011d1ec       0x48 ini.o
                0x000000000011d1ec                ini_sget
 .text.C3Di_LightEnvUpdate
                0x000000000011d234        0x4 /opt/devkitpro/libctru/lib/libcitro3d.a(base.o)
                0x000000000011d234                C3Di_LightEnvUpdate
 .text.C3Di_LightEnvDirty
                0x000000000011d238        0x4 /opt/devkitpro/libctru/lib/libcitro3d.a(base.o)
                0x000000000011d238                C3Di_LightEnvDirty
 .text.C3Di_ProcTexUpdate
                0x000000000011d23c        0x4 /opt/devkitpro/libctru/lib/libcitro3d.a(base.o)
                0x000000000011d23c                C3Di_ProcTexUpdate
 .text.C3Di_ProcTexDirty
                0x000000000011d240        0x4 /opt/devkitpro/libctru/lib/libcitro3d.a(base.o)
                0x000000000011d240                C3Di_ProcTexDirty
 .text.C3Di_AptEventHook
                0x000000000011d244       0xb4 /opt/devkitpro/libctru/lib/libcitro3d.a(base.o)
 .text.C3Di_GasUpdate
                0x000000000011d2f8        0x4 /opt/devkitpro/libctru/lib/libcitro3d.a(base.o)
                0x000000000011d2f8                C3Di_GasUpdate
 .text.C3D_Init
                0x000000000011d2fc      0x1e0 /opt/devkitpro/libctru/lib/libcitro3d.a(base.o)
                0x000000000011d2fc                C3D_Init
 .text.C3D_SetViewport
                0x000000000011d4dc       0x98 /opt/devkitpro/libctru/lib/libcitro3d.a(base.o)
                0x000000000011d4dc                C3D_SetViewport
 .text.C3Di_UpdateContext
                0x000000000011d574      0x4e8 /opt/devkitpro/libctru/lib/libcitro3d.a(base.o)
                0x000000000011d574                C3Di_UpdateContext
 .text.C3Di_SplitFrame
                0x000000000011da5c       0xe0 /opt/devkitpro/libctru/lib/libcitro3d.a(base.o)
                0x000000000011da5c                C3Di_SplitFrame
 .text.C3D_Fini
                0x000000000011db3c       0x44 /opt/devkitpro/libctru/lib/libcitro3d.a(base.o)
                0x000000000011db3c                C3D_Fini
 .text.C3D_BindProgram
                0x000000000011db80      0x114 /opt/devkitpro/libctru/lib/libcitro3d.a(base.o)
                0x000000000011db80                C3D_BindProgram
 .text.onVBlank0
                0x000000000011dc94       0x4c /opt/devkitpro/libctru/lib/libcitro3d.a(renderqueue.o)
 .text.onVBlank1
                0x000000000011dce0       0x4c /opt/devkitpro/libctru/lib/libcitro3d.a(renderqueue.o)
 .text.C3Di_RenderTargetDestroy
                0x000000000011dd2c       0x80 /opt/devkitpro/libctru/lib/libcitro3d.a(renderqueue.o)
 .text.onQueueFinish
                0x000000000011ddac       0xf4 /opt/devkitpro/libctru/lib/libcitro3d.a(renderqueue.o)
 .text.C3Di_RenderQueueEnableVBlank
                0x000000000011dea0       0x38 /opt/devkitpro/libctru/lib/libcitro3d.a(renderqueue.o)
                0x000000000011dea0                C3Di_RenderQueueEnableVBlank
 .text.C3Di_RenderQueueDisableVBlank
                0x000000000011ded8       0x30 /opt/devkitpro/libctru/lib/libcitro3d.a(renderqueue.o)
                0x000000000011ded8                C3Di_RenderQueueDisableVBlank
 .text.C3Di_RenderQueueInit
                0x000000000011df08       0x60 /opt/devkitpro/libctru/lib/libcitro3d.a(renderqueue.o)
                0x000000000011df08                C3Di_RenderQueueInit
 .text.C3Di_RenderQueueExit
                0x000000000011df68       0xb0 /opt/devkitpro/libctru/lib/libcitro3d.a(renderqueue.o)
                0x000000000011df68                C3Di_RenderQueueExit
 .text.C3Di_RenderQueueWaitDone
                0x000000000011e018       0x34 /opt/devkitpro/libctru/lib/libcitro3d.a(renderqueue.o)
                0x000000000011e018                C3Di_RenderQueueWaitDone
 .text.C3D_FrameBegin
                0x000000000011e04c       0xe4 /opt/devkitpro/libctru/lib/libcitro3d.a(renderqueue.o)
                0x000000000011e04c                C3D_FrameBegin
 .text.C3D_FrameDrawOn
                0x000000000011e130       0x48 /opt/devkitpro/libctru/lib/libcitro3d.a(renderqueue.o)
                0x000000000011e130                C3D_FrameDrawOn
 .text.C3D_FrameEnd
                0x000000000011e178      0x1d8 /opt/devkitpro/libctru/lib/libcitro3d.a(renderqueue.o)
                0x000000000011e178                C3D_FrameEnd
 .text.C3D_RenderTargetCreate
                0x000000000011e350      0x184 /opt/devkitpro/libctru/lib/libcitro3d.a(renderqueue.o)
                0x000000000011e350                C3D_RenderTargetCreate
 .text.C3D_RenderTargetSetOutput
                0x000000000011e4d4       0xa8 /opt/devkitpro/libctru/lib/libcitro3d.a(renderqueue.o)
                0x000000000011e4d4                C3D_RenderTargetSetOutput
 .text.C3D_SyncDisplayTransfer
                0x000000000011e57c       0xf0 /opt/devkitpro/libctru/lib/libcitro3d.a(renderqueue.o)
                0x000000000011e57c                C3D_SyncDisplayTransfer
 .text.C3D_SyncTextureCopy
                0x000000000011e66c       0xfc /opt/devkitpro/libctru/lib/libcitro3d.a(renderqueue.o)
                0x000000000011e66c                C3D_SyncTextureCopy
 .text.C3D_TexInitWithParams
                0x000000000011e768      0x294 /opt/devkitpro/libctru/lib/libcitro3d.a(texture.o)
                0x000000000011e768                C3D_TexInitWithParams
 .text.C3D_TexLoadImage
                0x000000000011e9fc       0xc8 /opt/devkitpro/libctru/lib/libcitro3d.a(texture.o)
                0x000000000011e9fc                C3D_TexLoadImage
 .text.C3D_TexBind
                0x000000000011eac4       0x44 /opt/devkitpro/libctru/lib/libcitro3d.a(texture.o)
                0x000000000011eac4                C3D_TexBind
 .text.C3D_TexDelete
                0x000000000011eb08       0x74 /opt/devkitpro/libctru/lib/libcitro3d.a(texture.o)
                0x000000000011eb08                C3D_TexDelete
 .text.C3Di_SetTex
                0x000000000011eb7c      0x16c /opt/devkitpro/libctru/lib/libcitro3d.a(texture.o)
                0x000000000011eb7c                C3Di_SetTex
 .text.C3D_CalcColorBufSize
                0x000000000011ece8       0x1c /opt/devkitpro/libctru/lib/libcitro3d.a(framebuffer.o)
                0x000000000011ece8                C3D_CalcColorBufSize
 .text.C3D_CalcDepthBufSize
                0x000000000011ed04       0x1c /opt/devkitpro/libctru/lib/libcitro3d.a(framebuffer.o)
                0x000000000011ed04                C3D_CalcDepthBufSize
 .text.C3D_SetFrameBuf
                0x000000000011ed20       0x44 /opt/devkitpro/libctru/lib/libcitro3d.a(framebuffer.o)
                0x000000000011ed20                C3D_SetFrameBuf
 .text.C3Di_FrameBufBind
                0x000000000011ed64      0x16c /opt/devkitpro/libctru/lib/libcitro3d.a(framebuffer.o)
                0x000000000011ed64                C3Di_FrameBufBind
 .text.C3D_FrameBufClear
                0x000000000011eed0       0xc8 /opt/devkitpro/libctru/lib/libcitro3d.a(framebuffer.o)
                0x000000000011eed0                C3D_FrameBufClear
 .text.C3D_FrameBufTransfer
                0x000000000011ef98       0x44 /opt/devkitpro/libctru/lib/libcitro3d.a(framebuffer.o)
                0x000000000011ef98                C3D_FrameBufTransfer
 .text.FogLut_FromArray
                0x000000000011efdc       0xb8 /opt/devkitpro/libctru/lib/libcitro3d.a(fog.o)
                0x000000000011efdc                FogLut_FromArray
 .text.C3D_FogGasMode
                0x000000000011f094       0x4c /opt/devkitpro/libctru/lib/libcitro3d.a(fog.o)
                0x000000000011f094                C3D_FogGasMode
 .text.C3D_FogColor
                0x000000000011f0e0       0x20 /opt/devkitpro/libctru/lib/libcitro3d.a(fog.o)
                0x000000000011f0e0                C3D_FogColor
 .text.C3D_FogLutBind
                0x000000000011f100       0x30 /opt/devkitpro/libctru/lib/libcitro3d.a(fog.o)
                0x000000000011f100                C3D_FogLutBind
 .text.C3D_GetTexEnv
                0x000000000011f130       0x34 /opt/devkitpro/libctru/lib/libcitro3d.a(texenv.o)
                0x000000000011f130                C3D_GetTexEnv
 .text.C3Di_TexEnvBind
                0x000000000011f164       0x24 /opt/devkitpro/libctru/lib/libcitro3d.a(texenv.o)
                0x000000000011f164                C3Di_TexEnvBind
 .text.BufInfo_Init
                0x000000000011f188       0x24 /opt/devkitpro/libctru/lib/libcitro3d.a(buffers.o)
                0x000000000011f188                BufInfo_Init
 .text.BufInfo_Add
                0x000000000011f1ac       0x80 /opt/devkitpro/libctru/lib/libcitro3d.a(buffers.o)
                0x000000000011f1ac                BufInfo_Add
 .text.C3D_GetBufInfo
                0x000000000011f22c       0x20 /opt/devkitpro/libctru/lib/libcitro3d.a(buffers.o)
                0x000000000011f22c                C3D_GetBufInfo
 .text.C3D_SetBufInfo
                0x000000000011f24c       0x40 /opt/devkitpro/libctru/lib/libcitro3d.a(buffers.o)
                0x000000000011f24c                C3D_SetBufInfo
 .text.C3Di_BufInfoBind
                0x000000000011f28c       0x48 /opt/devkitpro/libctru/lib/libcitro3d.a(buffers.o)
                0x000000000011f28c                C3Di_BufInfoBind
 .text.C3D_DrawArrays
                0x000000000011f2d4      0x148 /opt/devkitpro/libctru/lib/libcitro3d.a(drawArrays.o)
                0x000000000011f2d4                C3D_DrawArrays
 .text.C3D_DepthMap
                0x000000000011f41c       0x40 /opt/devkitpro/libctru/lib/libcitro3d.a(effect.o)
                0x000000000011f41c                C3D_DepthMap
 .text.C3D_CullFace
                0x000000000011f45c       0x1c /opt/devkitpro/libctru/lib/libcitro3d.a(effect.o)
                0x000000000011f45c                C3D_CullFace
 .text.C3D_StencilTest
                0x000000000011f478       0x40 /opt/devkitpro/libctru/lib/libcitro3d.a(effect.o)
                0x000000000011f478                C3D_StencilTest
 .text.C3D_StencilOp
                0x000000000011f4b8       0x24 /opt/devkitpro/libctru/lib/libcitro3d.a(effect.o)
                0x000000000011f4b8                C3D_StencilOp
 .text.C3D_BlendingColor
                0x000000000011f4dc       0x1c /opt/devkitpro/libctru/lib/libcitro3d.a(effect.o)
                0x000000000011f4dc                C3D_BlendingColor
 .text.C3D_EarlyDepthTest
                0x000000000011f4f8       0x24 /opt/devkitpro/libctru/lib/libcitro3d.a(effect.o)
                0x000000000011f4f8                C3D_EarlyDepthTest
 .text.C3D_DepthTest
                0x000000000011f51c       0x2c /opt/devkitpro/libctru/lib/libcitro3d.a(effect.o)
                0x000000000011f51c                C3D_DepthTest
 .text.C3D_AlphaTest
                0x000000000011f548       0x2c /opt/devkitpro/libctru/lib/libcitro3d.a(effect.o)
                0x000000000011f548                C3D_AlphaTest
 .text.C3D_AlphaBlend
                0x000000000011f574       0x50 /opt/devkitpro/libctru/lib/libcitro3d.a(effect.o)
                0x000000000011f574                C3D_AlphaBlend
 .text.C3D_FragOpMode
                0x000000000011f5c4       0x30 /opt/devkitpro/libctru/lib/libcitro3d.a(effect.o)
                0x000000000011f5c4                C3D_FragOpMode
 .text.C3D_FragOpShadow
                0x000000000011f5f4       0x44 /opt/devkitpro/libctru/lib/libcitro3d.a(effect.o)
                0x000000000011f5f4                C3D_FragOpShadow
 .text.C3Di_EffectBind
                0x000000000011f638      0x1ac /opt/devkitpro/libctru/lib/libcitro3d.a(effect.o)
                0x000000000011f638                C3Di_EffectBind
 .text.AttrInfo_Init
                0x000000000011f7e4       0x28 /opt/devkitpro/libctru/lib/libcitro3d.a(attribs.o)
                0x000000000011f7e4                AttrInfo_Init
 .text.AttrInfo_AddLoader
                0x000000000011f80c       0x94 /opt/devkitpro/libctru/lib/libcitro3d.a(attribs.o)
                0x000000000011f80c                AttrInfo_AddLoader
 .text.C3D_SetAttrInfo
                0x000000000011f8a0       0x54 /opt/devkitpro/libctru/lib/libcitro3d.a(attribs.o)
                0x000000000011f8a0                C3D_SetAttrInfo
 .text.C3Di_AttrInfoBind
                0x000000000011f8f4       0x80 /opt/devkitpro/libctru/lib/libcitro3d.a(attribs.o)
                0x000000000011f8f4                C3Di_AttrInfoBind
 .text.C3D_ImmSendAttrib
                0x000000000011f974       0xa8 /opt/devkitpro/libctru/lib/libcitro3d.a(immediate.o)
                0x000000000011f974                C3D_ImmSendAttrib
 .text.C3D_UpdateUniforms
                0x000000000011fa1c      0x280 /opt/devkitpro/libctru/lib/libcitro3d.a(uniforms.o)
                0x000000000011fa1c                C3D_UpdateUniforms
 .text.C3Di_DirtyUniforms
                0x000000000011fc9c       0xc0 /opt/devkitpro/libctru/lib/libcitro3d.a(uniforms.o)
                0x000000000011fc9c                C3Di_DirtyUniforms
 .text.C3Di_LoadShaderUniforms
                0x000000000011fd5c       0xd8 /opt/devkitpro/libctru/lib/libcitro3d.a(uniforms.o)
                0x000000000011fd5c                C3Di_LoadShaderUniforms
 .text.C3Di_ClearShaderUniforms
                0x000000000011fe34       0x28 /opt/devkitpro/libctru/lib/libcitro3d.a(uniforms.o)
                0x000000000011fe34                C3Di_ClearShaderUniforms
 .text.Mtx_Scale
                0x000000000011fe5c       0x38 /opt/devkitpro/libctru/lib/libcitro3d.a(mtx_scale.o)
                0x000000000011fe5c                Mtx_Scale
 .text.Mtx_Multiply
                0x000000000011fe94       0xb8 /opt/devkitpro/libctru/lib/libcitro3d.a(mtx_multiply.o)
                0x000000000011fe94                Mtx_Multiply
 .text.Mtx_RotateX
                0x000000000011ff4c       0xa4 /opt/devkitpro/libctru/lib/libcitro3d.a(mtx_rotatex.o)
                0x000000000011ff4c                Mtx_RotateX
 .text.Mtx_PerspTilt
                0x000000000011fff0       0x94 /opt/devkitpro/libctru/lib/libcitro3d.a(mtx_persptilt.o)
                0x000000000011fff0                Mtx_PerspTilt
 .text.Mtx_PerspStereoTilt
                0x0000000000120084       0xb8 /opt/devkitpro/libctru/lib/libcitro3d.a(mtx_perspstereotilt.o)
                0x0000000000120084                Mtx_PerspStereoTilt
 .text.Mtx_OrthoTilt
                0x000000000012013c       0xcc /opt/devkitpro/libctru/lib/libcitro3d.a(mtx_orthotilt.o)
                0x000000000012013c                Mtx_OrthoTilt
 .text.Mtx_MultiplyFVec3
                0x0000000000120208       0x68 /opt/devkitpro/libctru/lib/libcitro3d.a(mtx_multiplyfvec3.o)
                0x0000000000120208                Mtx_MultiplyFVec3
 .text.Mtx_Translate
                0x0000000000120270       0xa0 /opt/devkitpro/libctru/lib/libcitro3d.a(mtx_translate.o)
                0x0000000000120270                Mtx_Translate
 .text.Mtx_RotateZ
                0x0000000000120310       0xa0 /opt/devkitpro/libctru/lib/libcitro3d.a(mtx_rotatez.o)
                0x0000000000120310                Mtx_RotateZ
 .text.Mtx_RotateY
                0x00000000001203b0       0xa0 /opt/devkitpro/libctru/lib/libcitro3d.a(mtx_rotatey.o)
                0x00000000001203b0                Mtx_RotateY
 .text._ZL21addrMapNodeComparatorPK11rbtree_nodeS1_
                0x0000000000120450       0x24 /opt/devkitpro/libctru/lib/libctru.a(vram.o)
 .text._ZL21addrMapNodeDestructorP11rbtree_node
                0x0000000000120474        0x4 /opt/devkitpro/libctru/lib/libctru.a(vram.o)
 .text.vramMemAlignAt
                0x0000000000120478      0x258 /opt/devkitpro/libctru/lib/libctru.a(vram.o)
                0x0000000000120478                vramMemAlignAt
 .text.vramAlloc
                0x00000000001206d0        0xc /opt/devkitpro/libctru/lib/libctru.a(vram.o)
                0x00000000001206d0                vramAlloc
 .text.vramAllocAt
                0x00000000001206dc        0xc /opt/devkitpro/libctru/lib/libctru.a(vram.o)
                0x00000000001206dc                vramAllocAt
 .text.vramFree
                0x00000000001206e8       0x90 /opt/devkitpro/libctru/lib/libctru.a(vram.o)
                0x00000000001206e8                vramFree
 .text._ZL21addrMapNodeComparatorPK11rbtree_nodeS1_
                0x0000000000120778       0x24 /opt/devkitpro/libctru/lib/libctru.a(linear.o)
 .text._ZL21addrMapNodeDestructorP11rbtree_node
                0x000000000012079c        0x4 /opt/devkitpro/libctru/lib/libctru.a(linear.o)
 .text.linearMemAlign
                0x00000000001207a0      0x130 /opt/devkitpro/libctru/lib/libctru.a(linear.o)
                0x00000000001207a0                linearMemAlign
 .text.linearAlloc
                0x00000000001208d0        0x8 /opt/devkitpro/libctru/lib/libctru.a(linear.o)
                0x00000000001208d0                linearAlloc
 .text.linearFree
                0x00000000001208d8       0x5c /opt/devkitpro/libctru/lib/libctru.a(linear.o)
                0x00000000001208d8                linearFree
 .text._ZN7MemPool13CoalesceRightEP8MemBlock
                0x0000000000120934       0x80 /opt/devkitpro/libctru/lib/libctru.a(mem_pool.o)
                0x0000000000120934                MemPool::CoalesceRight(MemBlock*)
 .text._ZN7MemPool8AllocateER8MemChunkmi
                0x00000000001209b4      0x174 /opt/devkitpro/libctru/lib/libctru.a(mem_pool.o)
                0x00000000001209b4                MemPool::Allocate(MemChunk&, unsigned long, int)
 .text._ZN7MemPool10DeallocateERK8MemChunk
                0x0000000000120b28       0xfc /opt/devkitpro/libctru/lib/libctru.a(mem_pool.o)
                0x0000000000120b28                MemPool::Deallocate(MemChunk const&)
 .text._ZN7MemPool12GetFreeSpaceEv
                0x0000000000120c24       0x30 /opt/devkitpro/libctru/lib/libctru.a(mem_pool.o)
                0x0000000000120c24                MemPool::GetFreeSpace()
 .text.romfs_close
                0x0000000000120c54        0x8 /opt/devkitpro/libctru/lib/libctru.a(romfs_dev.o)
 .text.romfs_seek
                0x0000000000120c5c       0xc4 /opt/devkitpro/libctru/lib/libctru.a(romfs_dev.o)
 .text.romfs_dirreset
                0x0000000000120d20       0x24 /opt/devkitpro/libctru/lib/libctru.a(romfs_dev.o)
 .text.fill_dir
                0x0000000000120d44       0xc8 /opt/devkitpro/libctru/lib/libctru.a(romfs_dev.o)
 .text.romfs_dirnext
                0x0000000000120e0c      0x2b0 /opt/devkitpro/libctru/lib/libctru.a(romfs_dev.o)
 .text.romfs_free
                0x00000000001210bc       0x84 /opt/devkitpro/libctru/lib/libctru.a(romfs_dev.o)
 .text.searchForFile.constprop.0
                0x0000000000121140       0xd4 /opt/devkitpro/libctru/lib/libctru.a(romfs_dev.o)
 .text.searchForDir.constprop.0
                0x0000000000121214       0xd8 /opt/devkitpro/libctru/lib/libctru.a(romfs_dev.o)
 .text.navigateToDir.constprop.0
                0x00000000001212ec      0x1c0 /opt/devkitpro/libctru/lib/libctru.a(romfs_dev.o)
 .text.romfs_open
                0x00000000001214ac      0x128 /opt/devkitpro/libctru/lib/libctru.a(romfs_dev.o)
 .text.romfs_chdir
                0x00000000001215d4       0x4c /opt/devkitpro/libctru/lib/libctru.a(romfs_dev.o)
 .text.romfs_diropen
                0x0000000000121620       0x70 /opt/devkitpro/libctru/lib/libctru.a(romfs_dev.o)
 .text.romfs_stat
                0x0000000000121690      0x17c /opt/devkitpro/libctru/lib/libctru.a(romfs_dev.o)
 .text.romfs_dirclose
                0x000000000012180c        0x8 /opt/devkitpro/libctru/lib/libctru.a(romfs_dev.o)
 .text.romfs_fstat
                0x0000000000121814       0x7c /opt/devkitpro/libctru/lib/libctru.a(romfs_dev.o)
 .text.romfs_read
                0x0000000000121890       0xd0 /opt/devkitpro/libctru/lib/libctru.a(romfs_dev.o)
 .text.romfsMountFromFile
                0x0000000000121960      0x290 /opt/devkitpro/libctru/lib/libctru.a(romfs_dev.o)
                0x0000000000121960                romfsMountFromFile
 .text.romfsMountFromCurrentProcess
                0x0000000000121bf0       0x98 /opt/devkitpro/libctru/lib/libctru.a(romfs_dev.o)
                0x0000000000121bf0                romfsMountFromCurrentProcess
 .text.romfsMountSelf
                0x0000000000121c88      0x260 /opt/devkitpro/libctru/lib/libctru.a(romfs_dev.o)
                0x0000000000121c88                romfsMountSelf
 .text.romfsUnmount
                0x0000000000121ee8       0xac /opt/devkitpro/libctru/lib/libctru.a(romfs_dev.o)
                0x0000000000121ee8                romfsUnmount
 .text.__sync_init
                0x0000000000121f94        0xc /opt/devkitpro/libctru/lib/libctru.a(synchronization.o)
                0x0000000000121f94                __sync_init
 .text.__sync_fini
                0x0000000000121fa0       0x18 /opt/devkitpro/libctru/lib/libctru.a(synchronization.o)
                0x0000000000121fa0                __sync_fini
 .text.syncArbitrateAddress
                0x0000000000121fb8       0x2c /opt/devkitpro/libctru/lib/libctru.a(synchronization.o)
                0x0000000000121fb8                syncArbitrateAddress
 .text.LightLock_Init
                0x0000000000121fe4       0x1c /opt/devkitpro/libctru/lib/libctru.a(synchronization.o)
                0x0000000000121fe4                LightLock_Init
 .text.LightLock_Lock
                0x0000000000122000       0x94 /opt/devkitpro/libctru/lib/libctru.a(synchronization.o)
                0x0000000000122000                LightLock_Lock
 .text.LightLock_TryLock
                0x0000000000122094       0x44 /opt/devkitpro/libctru/lib/libctru.a(synchronization.o)
                0x0000000000122094                LightLock_TryLock
 .text.LightLock_Unlock
                0x00000000001220d8       0x40 /opt/devkitpro/libctru/lib/libctru.a(synchronization.o)
                0x00000000001220d8                LightLock_Unlock
 .text.RecursiveLock_Init
                0x0000000000122118       0x24 /opt/devkitpro/libctru/lib/libctru.a(synchronization.o)
                0x0000000000122118                RecursiveLock_Init
 .text.RecursiveLock_Lock
                0x000000000012213c       0x30 /opt/devkitpro/libctru/lib/libctru.a(synchronization.o)
                0x000000000012213c                RecursiveLock_Lock
 .text.RecursiveLock_Unlock
                0x000000000012216c       0x54 /opt/devkitpro/libctru/lib/libctru.a(synchronization.o)
                0x000000000012216c                RecursiveLock_Unlock
 .text.LightEvent_Init
                0x00000000001221c0       0x40 /opt/devkitpro/libctru/lib/libctru.a(synchronization.o)
                0x00000000001221c0                LightEvent_Init
 .text.LightEvent_Clear
                0x0000000000122200       0xa4 /opt/devkitpro/libctru/lib/libctru.a(synchronization.o)
                0x0000000000122200                LightEvent_Clear
 .text.LightEvent_Signal
                0x00000000001222a4       0xc8 /opt/devkitpro/libctru/lib/libctru.a(synchronization.o)
                0x00000000001222a4                LightEvent_Signal
 .text.LightEvent_TryWait
                0x000000000012236c       0x58 /opt/devkitpro/libctru/lib/libctru.a(synchronization.o)
                0x000000000012236c                LightEvent_TryWait
 .text.LightEvent_Wait
                0x00000000001223c4       0xb0 /opt/devkitpro/libctru/lib/libctru.a(synchronization.o)
                0x00000000001223c4                LightEvent_Wait
 .text.osConvertVirtToPhys
                0x0000000000122474       0x74 /opt/devkitpro/libctru/lib/libctru.a(os.o)
                0x0000000000122474                osConvertVirtToPhys
 .text.osGetTimeRef
                0x00000000001224e8       0x54 /opt/devkitpro/libctru/lib/libctru.a(os.o)
                0x00000000001224e8                osGetTimeRef
 .text.osGetTime
                0x000000000012253c       0xec /opt/devkitpro/libctru/lib/libctru.a(os.o)
                0x000000000012253c                osGetTime
 .text.__ctru_speedup_config
                0x0000000000122628       0x34 /opt/devkitpro/libctru/lib/libctru.a(os.o)
                0x0000000000122628                __ctru_speedup_config
 .text.osSetSpeedupEnable
                0x000000000012265c       0x38 /opt/devkitpro/libctru/lib/libctru.a(os.o)
                0x000000000012265c                osSetSpeedupEnable
 .text.parseColor
                0x0000000000122694      0x204 /opt/devkitpro/libctru/lib/libctru.a(console.o)
 .text.consoleDrawChar
                0x0000000000122898      0x1ac /opt/devkitpro/libctru/lib/libctru.a(console.o)
                0x0000000000122898                consoleDrawChar
 .text.consolePrintChar
                0x0000000000122a44      0x124 /opt/devkitpro/libctru/lib/libctru.a(console.o)
                0x0000000000122a44                consolePrintChar
 .text.con_write
                0x0000000000122b68      0xb00 /opt/devkitpro/libctru/lib/libctru.a(console.o)
                0x0000000000122b68                con_write
 .text.newRow   0x0000000000123668       0xf4 /opt/devkitpro/libctru/lib/libctru.a(console.o)
 .text.consoleInit
                0x000000000012375c      0x168 /opt/devkitpro/libctru/lib/libctru.a(console.o)
                0x000000000012375c                consoleInit
 .text.gfxPresentFramebuffer
                0x00000000001238c4       0xd0 /opt/devkitpro/libctru/lib/libctru.a(gfx.o)
 .text.gfxSet3D
                0x0000000000123994       0x10 /opt/devkitpro/libctru/lib/libctru.a(gfx.o)
                0x0000000000123994                gfxSet3D
 .text.gfxIsWide
                0x00000000001239a4       0x1c /opt/devkitpro/libctru/lib/libctru.a(gfx.o)
                0x00000000001239a4                gfxIsWide
 .text.gfxSetScreenFormat
                0x00000000001239c0       0xec /opt/devkitpro/libctru/lib/libctru.a(gfx.o)
                0x00000000001239c0                gfxSetScreenFormat
 .text.gfxSetDoubleBuffering
                0x0000000000123aac       0x10 /opt/devkitpro/libctru/lib/libctru.a(gfx.o)
                0x0000000000123aac                gfxSetDoubleBuffering
 .text.gfxInit  0x0000000000123abc       0xe8 /opt/devkitpro/libctru/lib/libctru.a(gfx.o)
                0x0000000000123abc                gfxInit
 .text.gfxInitDefault
                0x0000000000123ba4       0x10 /opt/devkitpro/libctru/lib/libctru.a(gfx.o)
                0x0000000000123ba4                gfxInitDefault
 .text.gfxExit  0x0000000000123bb4       0xb4 /opt/devkitpro/libctru/lib/libctru.a(gfx.o)
                0x0000000000123bb4                gfxExit
 .text.gfxGetFramebuffer
                0x0000000000123c68       0xa0 /opt/devkitpro/libctru/lib/libctru.a(gfx.o)
                0x0000000000123c68                gfxGetFramebuffer
 .text.gfxFlushBuffers
                0x0000000000123d08      0x10c /opt/devkitpro/libctru/lib/libctru.a(gfx.o)
                0x0000000000123d08                gfxFlushBuffers
 .text.gfxScreenSwapBuffers
                0x0000000000123e14       0x30 /opt/devkitpro/libctru/lib/libctru.a(gfx.o)
                0x0000000000123e14                gfxScreenSwapBuffers
 .text.gfxSwapBuffersGpu
                0x0000000000123e44       0x50 /opt/devkitpro/libctru/lib/libctru.a(gfx.o)
                0x0000000000123e44                gfxSwapBuffersGpu
 .text.threadCreate
                0x0000000000123e94      0x188 /opt/devkitpro/libctru/lib/libctru.a(thread.o)
                0x0000000000123e94                threadCreate
 .text.threadFree
                0x000000000012401c       0x2c /opt/devkitpro/libctru/lib/libctru.a(thread.o)
                0x000000000012401c                threadFree
 .text.threadJoin
                0x0000000000124048       0x24 /opt/devkitpro/libctru/lib/libctru.a(thread.o)
                0x0000000000124048                threadJoin
 .text.threadGetCurrent
                0x000000000012406c       0x30 /opt/devkitpro/libctru/lib/libctru.a(thread.o)
                0x000000000012406c                threadGetCurrent
 .text.threadExit
                0x000000000012409c       0x40 /opt/devkitpro/libctru/lib/libctru.a(thread.o)
                0x000000000012409c                threadExit
 .text._thread_begin
                0x00000000001240dc       0x44 /opt/devkitpro/libctru/lib/libctru.a(thread.o)
 .text.shaderInstanceInit
                0x0000000000124120      0x1dc /opt/devkitpro/libctru/lib/libctru.a(shaderProgram.o)
                0x0000000000124120                shaderInstanceInit
 .text.shaderInstanceGetUniformLocation
                0x00000000001242fc       0x18 /opt/devkitpro/libctru/lib/libctru.a(shaderProgram.o)
                0x00000000001242fc                shaderInstanceGetUniformLocation
 .text.shaderProgramInit
                0x0000000000124314       0x1c /opt/devkitpro/libctru/lib/libctru.a(shaderProgram.o)
                0x0000000000124314                shaderProgramInit
 .text.shaderProgramFree
                0x0000000000124330       0x64 /opt/devkitpro/libctru/lib/libctru.a(shaderProgram.o)
                0x0000000000124330                shaderProgramFree
 .text.shaderProgramSetVsh
                0x0000000000124394       0x80 /opt/devkitpro/libctru/lib/libctru.a(shaderProgram.o)
                0x0000000000124394                shaderProgramSetVsh
 .text.shaderProgramConfigure
                0x0000000000124414      0x8c8 /opt/devkitpro/libctru/lib/libctru.a(shaderProgram.o)
                0x0000000000124414                shaderProgramConfigure
 .text.DVLE_GenerateOutmap.part.0
                0x0000000000124cdc      0x1f8 /opt/devkitpro/libctru/lib/libctru.a(shbin.o)
 .text.DVLB_ParseFile
                0x0000000000124ed4      0x1cc /opt/devkitpro/libctru/lib/libctru.a(shbin.o)
                0x0000000000124ed4                DVLB_ParseFile
 .text.DVLB_Free
                0x00000000001250a0       0x38 /opt/devkitpro/libctru/lib/libctru.a(shbin.o)
                0x00000000001250a0                DVLB_Free
 .text.DVLE_GetUniformRegister
                0x00000000001250d8       0x74 /opt/devkitpro/libctru/lib/libctru.a(shbin.o)
                0x00000000001250d8                DVLE_GetUniformRegister
 .text.GX_BindQueue
                0x000000000012514c       0x10 /opt/devkitpro/libctru/lib/libctru.a(gx.o)
                0x000000000012514c                GX_BindQueue
 .text.GX_RequestDma
                0x000000000012515c       0x6c /opt/devkitpro/libctru/lib/libctru.a(gx.o)
                0x000000000012515c                GX_RequestDma
 .text.GX_ProcessCommandList
                0x00000000001251c8       0x78 /opt/devkitpro/libctru/lib/libctru.a(gx.o)
                0x00000000001251c8                GX_ProcessCommandList
 .text.GX_MemoryFill
                0x0000000000125240       0x74 /opt/devkitpro/libctru/lib/libctru.a(gx.o)
                0x0000000000125240                GX_MemoryFill
 .text.GX_DisplayTransfer
                0x00000000001252b4       0x70 /opt/devkitpro/libctru/lib/libctru.a(gx.o)
                0x00000000001252b4                GX_DisplayTransfer
 .text.GX_TextureCopy
                0x0000000000125324       0x74 /opt/devkitpro/libctru/lib/libctru.a(gx.o)
                0x0000000000125324                GX_TextureCopy
 .text.gxCmdQueueDoCommands.part.0
                0x0000000000125398       0x68 /opt/devkitpro/libctru/lib/libctru.a(gxqueue.o)
 .text.gxCmdQueueInterrupt
                0x0000000000125400       0xc8 /opt/devkitpro/libctru/lib/libctru.a(gxqueue.o)
                0x0000000000125400                gxCmdQueueInterrupt
 .text.gxCmdQueueClear
                0x00000000001254c8       0x4c /opt/devkitpro/libctru/lib/libctru.a(gxqueue.o)
                0x00000000001254c8                gxCmdQueueClear
 .text.gxCmdQueueAdd
                0x0000000000125514       0xf8 /opt/devkitpro/libctru/lib/libctru.a(gxqueue.o)
                0x0000000000125514                gxCmdQueueAdd
 .text.gxCmdQueueRun
                0x000000000012560c       0x80 /opt/devkitpro/libctru/lib/libctru.a(gxqueue.o)
                0x000000000012560c                gxCmdQueueRun
 .text.gxCmdQueueStop
                0x000000000012568c       0x60 /opt/devkitpro/libctru/lib/libctru.a(gxqueue.o)
                0x000000000012568c                gxCmdQueueStop
 .text.gxCmdQueueWait
                0x00000000001256ec       0x74 /opt/devkitpro/libctru/lib/libctru.a(gxqueue.o)
                0x00000000001256ec                gxCmdQueueWait
 .text.GPUCMD_Add
                0x0000000000125760      0x13c /opt/devkitpro/libctru/lib/libctru.a(gpu.o)
                0x0000000000125760                GPUCMD_Add
 .text.GPUCMD_Split
                0x000000000012589c       0xb0 /opt/devkitpro/libctru/lib/libctru.a(gpu.o)
                0x000000000012589c                GPUCMD_Split
 .text.f32tof16
                0x000000000012594c       0x40 /opt/devkitpro/libctru/lib/libctru.a(gpu.o)
                0x000000000012594c                f32tof16
 .text.f32tof24
                0x000000000012598c       0x40 /opt/devkitpro/libctru/lib/libctru.a(gpu.o)
                0x000000000012598c                f32tof24
 .text.f32tof31
                0x00000000001259cc       0x44 /opt/devkitpro/libctru/lib/libctru.a(gpu.o)
                0x00000000001259cc                f32tof31
 .text.ndspFinalize
                0x0000000000125a10      0x110 /opt/devkitpro/libctru/lib/libctru.a(ndsp.o)
 .text.ndspExit
                0x0000000000125b20       0xcc /opt/devkitpro/libctru/lib/libctru.a(ndsp.o)
                0x0000000000125b20                ndspExit
 .text.ndspSetOutputMode
                0x0000000000125bec       0x34 /opt/devkitpro/libctru/lib/libctru.a(ndsp.o)
                0x0000000000125bec                ndspSetOutputMode
 .text.ndspSetCallback
                0x0000000000125c20       0x10 /opt/devkitpro/libctru/lib/libctru.a(ndsp.o)
                0x0000000000125c20                ndspSetCallback
 .text.ndspChnReset
                0x0000000000125c30       0xc8 /opt/devkitpro/libctru/lib/libctru.a(ndsp-channel.o)
                0x0000000000125c30                ndspChnReset
 .text.ndspChnSetFormat
                0x0000000000125cf8       0x18 /opt/devkitpro/libctru/lib/libctru.a(ndsp-channel.o)
                0x0000000000125cf8                ndspChnSetFormat
 .text.ndspChnSetInterp
                0x0000000000125d10       0x50 /opt/devkitpro/libctru/lib/libctru.a(ndsp-channel.o)
                0x0000000000125d10                ndspChnSetInterp
 .text.ndspChnSetRate
                0x0000000000125d60       0x64 /opt/devkitpro/libctru/lib/libctru.a(ndsp-channel.o)
                0x0000000000125d60                ndspChnSetRate
 .text.ndspChnWaveBufAdd
                0x0000000000125dc4       0xb8 /opt/devkitpro/libctru/lib/libctru.a(ndsp-channel.o)
                0x0000000000125dc4                ndspChnWaveBufAdd
 .text.irrstInit
                0x0000000000125e7c      0x160 /opt/devkitpro/libctru/lib/libctru.a(irrst.o)
                0x0000000000125e7c                irrstInit
 .text.irrstExit
                0x0000000000125fdc       0xcc /opt/devkitpro/libctru/lib/libctru.a(irrst.o)
                0x0000000000125fdc                irrstExit
 .text.irrstScanInput
                0x00000000001260a8       0xb4 /opt/devkitpro/libctru/lib/libctru.a(irrst.o)
                0x00000000001260a8                irrstScanInput
 .text.irrstKeysHeld
                0x000000000012615c       0x24 /opt/devkitpro/libctru/lib/libctru.a(irrst.o)
                0x000000000012615c                irrstKeysHeld
 .text.irrstCstickRead
                0x0000000000126180       0x18 /opt/devkitpro/libctru/lib/libctru.a(irrst.o)
                0x0000000000126180                irrstCstickRead
 .text.DSP_LoadComponent.part.0
                0x0000000000126198       0xa4 /opt/devkitpro/libctru/lib/libctru.a(dsp.o)
 .text.dspExit  0x000000000012623c       0x80 /opt/devkitpro/libctru/lib/libctru.a(dsp.o)
                0x000000000012623c                dspExit
 .text.dspUnhook
                0x00000000001262bc       0x30 /opt/devkitpro/libctru/lib/libctru.a(dsp.o)
                0x00000000001262bc                dspUnhook
 .text.aptDspSleep
                0x00000000001262ec       0xac /opt/devkitpro/libctru/lib/libctru.a(dsp.o)
                0x00000000001262ec                aptDspSleep
 .text.aptDspWakeup
                0x0000000000126398       0xb4 /opt/devkitpro/libctru/lib/libctru.a(dsp.o)
                0x0000000000126398                aptDspWakeup
 .text.aptDspCancel
                0x000000000012644c       0x44 /opt/devkitpro/libctru/lib/libctru.a(dsp.o)
                0x000000000012644c                aptDspCancel
 .text.DSP_FlushDataCache
                0x0000000000126490       0x50 /opt/devkitpro/libctru/lib/libctru.a(dsp.o)
                0x0000000000126490                DSP_FlushDataCache
 .text.DSP_RegisterInterruptEvents
                0x00000000001264e0       0x44 /opt/devkitpro/libctru/lib/libctru.a(dsp.o)
                0x00000000001264e0                DSP_RegisterInterruptEvents
 .text.DSP_WriteProcessPipe
                0x0000000000126524       0x4c /opt/devkitpro/libctru/lib/libctru.a(dsp.o)
                0x0000000000126524                DSP_WriteProcessPipe
 .text.DSP_RecvData
                0x0000000000126570       0x40 /opt/devkitpro/libctru/lib/libctru.a(dsp.o)
                0x0000000000126570                DSP_RecvData
 .text.DSP_RecvDataIsReady
                0x00000000001265b0       0x4c /opt/devkitpro/libctru/lib/libctru.a(dsp.o)
                0x00000000001265b0                DSP_RecvDataIsReady
 .text.gspHardwareInit
                0x00000000001265fc      0xc58 /opt/devkitpro/libctru/lib/libctru.a(gspgpu.o)
 .text.gspInit  0x0000000000127254      0x24c /opt/devkitpro/libctru/lib/libctru.a(gspgpu.o)
                0x0000000000127254                gspInit
 .text.gspExit  0x00000000001274a0       0xf0 /opt/devkitpro/libctru/lib/libctru.a(gspgpu.o)
                0x00000000001274a0                gspExit
 .text.gspHasGpuRight
                0x0000000000127590       0x10 /opt/devkitpro/libctru/lib/libctru.a(gspgpu.o)
                0x0000000000127590                gspHasGpuRight
 .text.gspPresentBuffer
                0x00000000001275a0       0xa0 /opt/devkitpro/libctru/lib/libctru.a(gspgpu.o)
                0x00000000001275a0                gspPresentBuffer
 .text.gspSetEventCallback
                0x0000000000127640       0x30 /opt/devkitpro/libctru/lib/libctru.a(gspgpu.o)
                0x0000000000127640                gspSetEventCallback
 .text.gspWaitForEvent
                0x0000000000127670       0x50 /opt/devkitpro/libctru/lib/libctru.a(gspgpu.o)
                0x0000000000127670                gspWaitForEvent
 .text.gspWaitForAnyEvent
                0x00000000001276c0       0x4c /opt/devkitpro/libctru/lib/libctru.a(gspgpu.o)
                0x00000000001276c0                gspWaitForAnyEvent
 .text.gspEventThreadMain
                0x000000000012770c      0x160 /opt/devkitpro/libctru/lib/libctru.a(gspgpu.o)
 .text.gspSubmitGxCommand
                0x000000000012786c      0x130 /opt/devkitpro/libctru/lib/libctru.a(gspgpu.o)
                0x000000000012786c                gspSubmitGxCommand
 .text.GSPGPU_FlushDataCache
                0x000000000012799c       0x50 /opt/devkitpro/libctru/lib/libctru.a(gspgpu.o)
                0x000000000012799c                GSPGPU_FlushDataCache
 .text.GSPGPU_SetLcdForceBlack
                0x00000000001279ec       0x34 /opt/devkitpro/libctru/lib/libctru.a(gspgpu.o)
                0x00000000001279ec                GSPGPU_SetLcdForceBlack
 .text.GSPGPU_AcquireRight
                0x0000000000127a20       0x68 /opt/devkitpro/libctru/lib/libctru.a(gspgpu.o)
                0x0000000000127a20                GSPGPU_AcquireRight
 .text.GSPGPU_ReleaseRight
                0x0000000000127a88       0x48 /opt/devkitpro/libctru/lib/libctru.a(gspgpu.o)
                0x0000000000127a88                GSPGPU_ReleaseRight
 .text.GSPGPU_ImportDisplayCaptureInfo
                0x0000000000127ad0       0x7c /opt/devkitpro/libctru/lib/libctru.a(gspgpu.o)
                0x0000000000127ad0                GSPGPU_ImportDisplayCaptureInfo
 .text.GSPGPU_SaveVramSysArea
                0x0000000000127b4c       0x2c /opt/devkitpro/libctru/lib/libctru.a(gspgpu.o)
                0x0000000000127b4c                GSPGPU_SaveVramSysArea
 .text.GSPGPU_RestoreVramSysArea
                0x0000000000127b78       0x2c /opt/devkitpro/libctru/lib/libctru.a(gspgpu.o)
                0x0000000000127b78                GSPGPU_RestoreVramSysArea
 .text.aptConvertScreenForCapture
                0x0000000000127ba4      0x1b0 /opt/devkitpro/libctru/lib/libctru.a(apt.o)
 .text.aptSendCommand
                0x0000000000127d54      0x15c /opt/devkitpro/libctru/lib/libctru.a(apt.o)
                0x0000000000127d54                aptSendCommand
 .text.aptExitProcess
                0x0000000000127eb0       0x38 /opt/devkitpro/libctru/lib/libctru.a(apt.o)
 .text.aptExit  0x0000000000127ee8      0x2f0 /opt/devkitpro/libctru/lib/libctru.a(apt.o)
                0x0000000000127ee8                aptExit
 .text.aptHandleSleep
                0x00000000001281d8       0xd8 /opt/devkitpro/libctru/lib/libctru.a(apt.o)
                0x00000000001281d8                aptHandleSleep
 .text.aptHook  0x00000000001282b0       0x30 /opt/devkitpro/libctru/lib/libctru.a(apt.o)
                0x00000000001282b0                aptHook
 .text.aptUnhook
                0x00000000001282e0       0x30 /opt/devkitpro/libctru/lib/libctru.a(apt.o)
                0x00000000001282e0                aptUnhook
 .text.aptSetMessageCallback
                0x0000000000128310       0x1c /opt/devkitpro/libctru/lib/libctru.a(apt.o)
                0x0000000000128310                aptSetMessageCallback
 .text.APT_SleepIfShellClosed
                0x000000000012832c       0x84 /opt/devkitpro/libctru/lib/libctru.a(apt.o)
                0x000000000012832c                APT_SleepIfShellClosed
 .text.aptSetSleepAllowed
                0x00000000001283b0       0x84 /opt/devkitpro/libctru/lib/libctru.a(apt.o)
                0x00000000001283b0                aptSetSleepAllowed
 .text.APT_UnlockTransition
                0x0000000000128434       0x84 /opt/devkitpro/libctru/lib/libctru.a(apt.o)
                0x0000000000128434                APT_UnlockTransition
 .text.aptEventHandler
                0x00000000001284b8      0x484 /opt/devkitpro/libctru/lib/libctru.a(apt.o)
 .text.APT_ReceiveParameter
                0x000000000012893c       0xb0 /opt/devkitpro/libctru/lib/libctru.a(apt.o)
                0x000000000012893c                APT_ReceiveParameter
 .text.aptReceiveParameter.constprop.0
                0x00000000001289ec       0xb0 /opt/devkitpro/libctru/lib/libctru.a(apt.o)
 *fill*         0x0000000000128a9c        0x4 
 .text.aptScreenTransfer
                0x0000000000128aa0      0x2bc /opt/devkitpro/libctru/lib/libctru.a(apt.o)
 .text.aptWaitForWakeUp.isra.0
                0x0000000000128d5c      0x374 /opt/devkitpro/libctru/lib/libctru.a(apt.o)
 .text.aptLaunchLibraryApplet
                0x00000000001290d0      0x118 /opt/devkitpro/libctru/lib/libctru.a(apt.o)
                0x00000000001290d0                aptLaunchLibraryApplet
 .text.aptJumpToHomeMenu
                0x00000000001291e8       0xf8 /opt/devkitpro/libctru/lib/libctru.a(apt.o)
                0x00000000001291e8                aptJumpToHomeMenu
 .text.aptMainLoop
                0x00000000001292e0       0x4c /opt/devkitpro/libctru/lib/libctru.a(apt.o)
                0x00000000001292e0                aptMainLoop
 .text.aptInit  0x000000000012932c      0x234 /opt/devkitpro/libctru/lib/libctru.a(apt.o)
                0x000000000012932c                aptInit
 .text.APT_SendParameter
                0x0000000000129560       0x5c /opt/devkitpro/libctru/lib/libctru.a(apt.o)
                0x0000000000129560                APT_SendParameter
 .text.APT_SetAppCpuTimeLimit
                0x00000000001295bc       0x34 /opt/devkitpro/libctru/lib/libctru.a(apt.o)
                0x00000000001295bc                APT_SetAppCpuTimeLimit
 .text.APT_CheckNew3DS
                0x00000000001295f0       0x7c /opt/devkitpro/libctru/lib/libctru.a(apt.o)
                0x00000000001295f0                APT_CheckNew3DS
 .text.hidShouldUseIrrst
                0x000000000012966c       0x24 /opt/devkitpro/libctru/lib/libctru.a(hid.o)
                0x000000000012966c                hidShouldUseIrrst
 .text.hidInit  0x0000000000129690      0x18c /opt/devkitpro/libctru/lib/libctru.a(hid.o)
                0x0000000000129690                hidInit
 .text.hidExit  0x000000000012981c       0xe8 /opt/devkitpro/libctru/lib/libctru.a(hid.o)
                0x000000000012981c                hidExit
 .text.hidScanInput
                0x0000000000129904      0x2a4 /opt/devkitpro/libctru/lib/libctru.a(hid.o)
                0x0000000000129904                hidScanInput
 .text.hidKeysHeld
                0x0000000000129ba8       0x10 /opt/devkitpro/libctru/lib/libctru.a(hid.o)
                0x0000000000129ba8                hidKeysHeld
 .text.hidKeysDown
                0x0000000000129bb8       0x10 /opt/devkitpro/libctru/lib/libctru.a(hid.o)
                0x0000000000129bb8                hidKeysDown
 .text.hidKeysUp
                0x0000000000129bc8       0x10 /opt/devkitpro/libctru/lib/libctru.a(hid.o)
                0x0000000000129bc8                hidKeysUp
 .text.hidTouchRead
                0x0000000000129bd8       0x18 /opt/devkitpro/libctru/lib/libctru.a(hid.o)
                0x0000000000129bd8                hidTouchRead
 .text.hidCircleRead
                0x0000000000129bf0       0x18 /opt/devkitpro/libctru/lib/libctru.a(hid.o)
                0x0000000000129bf0                hidCircleRead
 .text.ptmSysmInit
                0x0000000000129c08       0x74 /opt/devkitpro/libctru/lib/libctru.a(ptmsysm.o)
                0x0000000000129c08                ptmSysmInit
 .text.ptmSysmExit
                0x0000000000129c7c       0x3c /opt/devkitpro/libctru/lib/libctru.a(ptmsysm.o)
                0x0000000000129c7c                ptmSysmExit
 .text.PTMSYSM_ConfigureNew3DSCPU
                0x0000000000129cb8       0x34 /opt/devkitpro/libctru/lib/libctru.a(ptmsysm.o)
                0x0000000000129cb8                PTMSYSM_ConfigureNew3DSCPU
 .text.fsInit   0x0000000000129cec       0xc8 /opt/devkitpro/libctru/lib/libctru.a(fs.o)
                0x0000000000129cec                fsInit
 .text.fsExit   0x0000000000129db4       0x3c /opt/devkitpro/libctru/lib/libctru.a(fs.o)
                0x0000000000129db4                fsExit
 .text.fsExemptFromSession
                0x0000000000129df0       0x60 /opt/devkitpro/libctru/lib/libctru.a(fs.o)
                0x0000000000129df0                fsExemptFromSession
 .text.fsUnexemptFromSession
                0x0000000000129e50       0x50 /opt/devkitpro/libctru/lib/libctru.a(fs.o)
                0x0000000000129e50                fsUnexemptFromSession
 .text.FSUSER_OpenFile
                0x0000000000129ea0       0xcc /opt/devkitpro/libctru/lib/libctru.a(fs.o)
                0x0000000000129ea0                FSUSER_OpenFile
 .text.FSUSER_OpenFileDirectly
                0x0000000000129f6c       0xd4 /opt/devkitpro/libctru/lib/libctru.a(fs.o)
                0x0000000000129f6c                FSUSER_OpenFileDirectly
 .text.FSUSER_DeleteFile
                0x000000000012a040       0xbc /opt/devkitpro/libctru/lib/libctru.a(fs.o)
                0x000000000012a040                FSUSER_DeleteFile
 .text.FSUSER_RenameFile
                0x000000000012a0fc       0xf8 /opt/devkitpro/libctru/lib/libctru.a(fs.o)
                0x000000000012a0fc                FSUSER_RenameFile
 .text.FSUSER_DeleteDirectory
                0x000000000012a1f4       0xbc /opt/devkitpro/libctru/lib/libctru.a(fs.o)
                0x000000000012a1f4                FSUSER_DeleteDirectory
 .text.FSUSER_CreateFile
                0x000000000012a2b0       0xd4 /opt/devkitpro/libctru/lib/libctru.a(fs.o)
                0x000000000012a2b0                FSUSER_CreateFile
 .text.FSUSER_CreateDirectory
                0x000000000012a384       0xc4 /opt/devkitpro/libctru/lib/libctru.a(fs.o)
                0x000000000012a384                FSUSER_CreateDirectory
 .text.FSUSER_RenameDirectory
                0x000000000012a448       0xf8 /opt/devkitpro/libctru/lib/libctru.a(fs.o)
                0x000000000012a448                FSUSER_RenameDirectory
 .text.FSUSER_OpenDirectory
                0x000000000012a540       0xb4 /opt/devkitpro/libctru/lib/libctru.a(fs.o)
                0x000000000012a540                FSUSER_OpenDirectory
 .text.FSUSER_OpenArchive
                0x000000000012a5f4       0x94 /opt/devkitpro/libctru/lib/libctru.a(fs.o)
                0x000000000012a5f4                FSUSER_OpenArchive
 .text.FSUSER_CloseArchive
                0x000000000012a688       0x8c /opt/devkitpro/libctru/lib/libctru.a(fs.o)
                0x000000000012a688                FSUSER_CloseArchive
 .text.FSUSER_GetSdmcArchiveResource
                0x000000000012a714       0x74 /opt/devkitpro/libctru/lib/libctru.a(fs.o)
                0x000000000012a714                FSUSER_GetSdmcArchiveResource
 .text.FSUSER_IsSdmcWritable
                0x000000000012a788       0x64 /opt/devkitpro/libctru/lib/libctru.a(fs.o)
                0x000000000012a788                FSUSER_IsSdmcWritable
 .text.FSFILE_Read
                0x000000000012a7ec       0x58 /opt/devkitpro/libctru/lib/libctru.a(fs.o)
                0x000000000012a7ec                FSFILE_Read
 .text.FSFILE_Write
                0x000000000012a844       0x60 /opt/devkitpro/libctru/lib/libctru.a(fs.o)
                0x000000000012a844                FSFILE_Write
 .text.FSFILE_GetSize
                0x000000000012a8a4       0x38 /opt/devkitpro/libctru/lib/libctru.a(fs.o)
                0x000000000012a8a4                FSFILE_GetSize
 .text.FSFILE_SetSize
                0x000000000012a8dc       0x28 /opt/devkitpro/libctru/lib/libctru.a(fs.o)
                0x000000000012a8dc                FSFILE_SetSize
 .text.FSFILE_Close
                0x000000000012a904       0x3c /opt/devkitpro/libctru/lib/libctru.a(fs.o)
                0x000000000012a904                FSFILE_Close
 .text.FSFILE_Flush
                0x000000000012a940       0x24 /opt/devkitpro/libctru/lib/libctru.a(fs.o)
                0x000000000012a940                FSFILE_Flush
 .text.FSDIR_Read
                0x000000000012a964       0x50 /opt/devkitpro/libctru/lib/libctru.a(fs.o)
                0x000000000012a964                FSDIR_Read
 .text.FSDIR_Close
                0x000000000012a9b4       0x3c /opt/devkitpro/libctru/lib/libctru.a(fs.o)
                0x000000000012a9b4                FSDIR_Close
 .text.swkbdMessageCallback
                0x000000000012a9f0      0x178 /opt/devkitpro/libctru/lib/libctru.a(swkbd.o)
 .text.swkbdInit
                0x000000000012ab68       0x78 /opt/devkitpro/libctru/lib/libctru.a(swkbd.o)
                0x000000000012ab68                swkbdInit
 .text.swkbdSetHintText
                0x000000000012abe0       0x50 /opt/devkitpro/libctru/lib/libctru.a(swkbd.o)
                0x000000000012abe0                swkbdSetHintText
 .text.swkbdInputText
                0x000000000012ac30      0x3a8 /opt/devkitpro/libctru/lib/libctru.a(swkbd.o)
                0x000000000012ac30                swkbdInputText
 .text.rbtree_init
                0x000000000012afd8       0x10 /opt/devkitpro/libctru/lib/libctru.a(rbtree_init.o)
                0x000000000012afd8                rbtree_init
 .text.do_insert
                0x000000000012afe8      0x1a8 /opt/devkitpro/libctru/lib/libctru.a(rbtree_insert.o)
 .text.rbtree_insert
                0x000000000012b190        0x8 /opt/devkitpro/libctru/lib/libctru.a(rbtree_insert.o)
                0x000000000012b190                rbtree_insert
 .text.rbtree_rotate
                0x000000000012b198       0x90 /opt/devkitpro/libctru/lib/libctru.a(rbtree_rotate.o)
                0x000000000012b198                rbtree_rotate
 .text.rbtree_remove
                0x000000000012b228      0x338 /opt/devkitpro/libctru/lib/libctru.a(rbtree_remove.o)
                0x000000000012b228                rbtree_remove
 .text.rbtree_find
                0x000000000012b560       0x74 /opt/devkitpro/libctru/lib/libctru.a(rbtree_find.o)
                0x000000000012b560                rbtree_find
 .text.utf16_to_utf8
                0x000000000012b5d4       0xe8 /opt/devkitpro/libctru/lib/libctru.a(utf16_to_utf8.o)
                0x000000000012b5d4                utf16_to_utf8
 .text.decode_utf16
                0x000000000012b6bc       0x64 /opt/devkitpro/libctru/lib/libctru.a(decode_utf16.o)
                0x000000000012b6bc                decode_utf16
 .text.utf8_to_utf16
                0x000000000012b720       0xc0 /opt/devkitpro/libctru/lib/libctru.a(utf8_to_utf16.o)
                0x000000000012b720                utf8_to_utf16
 .text.__system_allocateHeaps
                0x000000000012b7e0      0x1e0 /opt/devkitpro/libctru/lib/libctru.a(allocateHeaps.o)
                0x000000000012b7e0                __system_allocateHeaps
 .text.__libctru_init
                0x000000000012b9c0       0x38 /opt/devkitpro/libctru/lib/libctru.a(ctru_init.o)
                0x000000000012b9c0                __libctru_init
 .text.__system_initArgv
                0x000000000012b9f8      0x168 /opt/devkitpro/libctru/lib/libctru.a(initArgv.o)
                0x000000000012b9f8                __system_initArgv
 .text.svcControlMemory
                0x000000000012bb60       0x20 /opt/devkitpro/libctru/lib/libctru.a(svc.o)
                0x000000000012bb60                svcControlMemory
 .text.svcQueryMemory
                0x000000000012bb80       0x30 /opt/devkitpro/libctru/lib/libctru.a(svc.o)
                0x000000000012bb80                svcQueryMemory
 .text.svcExitProcess